[hireanhacker.com/index.html]
[backblue.gif]
[fade.gif]
[index.html]
[hireanhacker.com/wp-content/plugins/builder-responsive-pricing-tables/assets/css/pricing-tables5010.css]
[hireanhacker.com/wp-content/plugins/contact-form-7/includes/css/styles972f.css]
[hireanhacker.com/wp-content/plugins/quform/cache/quform66d5.css]
[hireanhacker.com/comments/feed/index.html]
[hireanhacker.com/wp-content/plugins/revslider/public/assets/css/settings8ab9.css]
[hireanhacker.com/feed/index.html]
[hireanhacker.com/wp-content/plugins/revslider-particles-addon/public/assets/css/revolution.addon.particles4b68.css]
[hireanhacker.com/wp-content/plugins/goodlayers-core/plugins/combine/style5010.css]
[hireanhacker.com/wp-content/plugins/goodlayers-core/include/css/page-builder5010.css]
[hireanhacker.com/wp-content/themes/infinite/plugins/font-awesome/css/font-awesome.min5010.css]
[hireanhacker.com/wp-content/themes/infinite/plugins/elegant-font/style5010.css]
[hireanhacker.com/wp-content/themes/infinite/css/style-core5010.css]
[hireanhacker.com/wp-content/uploads/gdlr-style-custom69e5.css]
[hireanhacker.com/wp-content/plugins/jetpack/css/jetpack271b.css]
[hireanhacker.com/wp-includes/js/jquery/jquery-migrate.min330a.js]
[hireanhacker.com/wp-content/plugins/revslider/public/assets/js/jquery.themepunch.revolution.min8ab9.js]
[hireanhacker.com/wp-content/plugins/revslider-whiteboard-addon/public/assets/js/revolution.addon.whiteboard.min0ba6.js]
[hireanhacker.com/wp-includes/js/jquery/jqueryb8ff.js]
[hireanhacker.com/wp-content/plugins/revslider/public/assets/js/jquery.themepunch.tools.min8ab9.js]
[hireanhacker.com/xmlrpc0db0.php]
[hireanhacker.com/wp-json/index.html]
[hireanhacker.com/wp-includes/wlwmanifest.xml]
[hireanhacker.com/wp-json/oembed/1.0/embedfcd8.json]
[hireanhacker.com/wp-json/oembed/1.0/embedd46c]
[i1.wp.com/hireanhacker.com/wp-content/uploads/2018/03/cropped-binary-17398.png]
[i1.wp.com/hireanhacker.com/wp-content/uploads/2018/03/cropped-binary-1ff94.png]
[i1.wp.com/hireanhacker.com/wp-content/uploads/2018/03/cropped-binary-1fd20.png]
[i2.wp.com/hireanhacker.com/wp-content/uploads/2018/03/black-400d427.png]
[hireanhacker.com/demo2.mobilespy/dashboard.html]
[img.youtube.com/vi/oa5GxAVe5dg/sddefault.jpg]
[hireanhacker.com/homepage-main/index.html]
[i0.wp.com/hireanhacker.com/wp-content/uploads/2016/06/divider-logof8d5.png]
[hireanhacker.com/wp-content/uploads/2018/02/binary-hack-tunnel.jpg]
[hireanhacker.com/wp-content/uploads/2018/02/facebook-hacker-.jpg]
[hireanhacker.com/wp-content/uploads/2018/02/cyber-security-attack-safeguardsgggg-2017-1.jpg]
[hireanhacker.com/wp-content/uploads/2018/02/sean-android2.jpg]
[hireanhacker.com/wp-content/uploads/2018/02/mobile-virus-696x464.jpg]
[hireanhacker.com/wp-content/uploads/2018/02/1db75345126777.582a6be3943ba.jpg]
[hireanhacker.com/wp-content/uploads/2018/02/Ransomware-creator-toolkit.jpg]
[hireanhacker.com/wp-content/uploads/2018/02/Email-Password-Hack-Yahoo-Image-Courtesy-Hacker-News.jpg]
[hireanhacker.com/wp-content/uploads/2018/02/AdobeStock_41908523-634x0-c-default.jpg]
[hireanhacker.com/wp-content/uploads/2018/02/email-hack.jpg]
[hireanhacker.com/wp-content/uploads/2018/02/yahoo-hack.png]
[hireanhacker.com/wp-content/uploads/2018/02/WhatsApp-Hack-Online-749577.jpg]
[hireanhacker.com/wp-content/uploads/2018/02/14846307689774.jpg]
[hireanhacker.com/wp-content/uploads/2018/02/city-hack-1-1.jpg]
[i0.wp.com/hireanhacker.com/wp-content/uploads/2018/02/ScreefM889b.png]
[hireanhacker.com/wp-content/uploads/2018/03/space-bg.jpg]
[hireanhacker.com/wp-content/uploads/2018/02/PC-HACK.png]
[i1.wp.com/hireanhacker.com/wp-content/uploads/2018/03/white-7505806.jpg]
[i1.wp.com/hireanhacker.com/wp-content/uploads/2018/03/dark-code-7500fbb.jpg]
[hireanhacker.com/personnel/backdoor-guys/index.html]
[i0.wp.com/hireanhacker.com/wp-content/uploads/2018/03/red-new-d9f2.jpg]
[hireanhacker.com/personnel/darkcode/index.html]
[i2.wp.com/hireanhacker.com/wp-content/uploads/2018/03/madxx0e11.jpg]
[hireanhacker.com/wp-content/uploads/2018/03/royalty-free-wallpapers-for-commercial-use-7-1.jpg]
[hireanhacker.com/personnel/hackered/index.html]
[hireanhacker.com/personnel/madrix/index.html]
[i1.wp.com/hireanhacker.com/wp-content/uploads/2018/03/KeG1OdO_15018de.jpg]
[i1.wp.com/hireanhacker.com/wp-content/uploads/2018/03/150px-CNN.svgdba0.png]
[i2.wp.com/hireanhacker.com/wp-content/uploads/2018/03/forbes-logo-gray4192.png]
[i1.wp.com/hireanhacker.com/wp-content/uploads/2018/03/tex-x-logo41fc.png]
[hireanhacker.com/wp-content/uploads/2018/03/blackhat-logo.png]
[i2.wp.com/hireanhacker.com/wp-content/uploads/2018/03/blackhat-logob714.png]
[hireanhacker.com/wp-content/uploads/2018/03/CHFI-Logo-Black.png]
[i2.wp.com/hireanhacker.com/wp-content/uploads/2018/03/CHFI-Logo-Black0267.png]
[hireanhacker.com/wp-content/uploads/2018/03/anon-whit.png]
[i2.wp.com/hireanhacker.com/wp-content/uploads/2018/03/anon-whit41a9.png]
[hireanhacker.com/wp-content/uploads/2018/03/kali.png]
[i2.wp.com/hireanhacker.com/wp-content/uploads/2018/03/kalidd9e.png]
[i1.wp.com/hireanhacker.com/wp-content/uploads/2016/06/banner-49493.png]
[hireanhacker.com/wp-content/uploads/2018/03/Logo-CEH.png]
[i0.wp.com/hireanhacker.com/wp-content/uploads/2018/03/Logo-CEH8c48.png]
[hireanhacker.com/wp-content/uploads/2018/03/TOR.png]
[i1.wp.com/hireanhacker.com/wp-content/uploads/2018/03/TOR950d.png]
[hireanhacker.com/wp-content/uploads/2018/03/site-bg.jpg]
[hireanhacker.com/wp-content/plugins/revslider/public/assets/fonts/font-awesome/css/font-awesome.css]
[hireanhacker.com/wp-content/plugins/jetpack/_inc/build/photon/photon.minb3d9.js]
[hireanhacker.com/wp-content/plugins/contact-form-7/includes/js/scripts972f.js]
[s0.wp.com/wp-content/js/devicepx-jetpackb9f3.js]
[s.gravatar.com/js/gprofiles451a.js]
[hireanhacker.com/wp-content/plugins/revslider-particles-addon/public/assets/js/revolution.addon.particles.min4b68.js]
[hireanhacker.com/wp-content/plugins/jetpack/modules/wpgroho5010.js]
[hireanhacker.com/wp-content/plugins/wp-google-map-plugin/assets/js/maps531b.js]
[hireanhacker.com/wp-content/plugins/goodlayers-core/include/js/page-builder5010.js]
[hireanhacker.com/wp-includes/js/jquery/ui/effect.mine899.js]
[hireanhacker.com/wp-content/plugins/goodlayers-core/plugins/combine/script5010.js]
[hireanhacker.com/wp-content/themes/infinite/js/script-core8a54.js]
[hireanhacker.com/wp-includes/js/wp-embed.min5010.js]
[hireanhacker.com/index.html]
[hireanhacker.com/xmlrpc.php]
[hireanhacker.com/wp-content/plugins/builder-responsive-pricing-tables/assets/css/pricing-tables5010.css]
[stats.wp.com/e-201838.js]
[hireanhacker.com/wp-content/plugins/quform/cache/quform66d5.js]
[hireanhacker.com/wp-content/plugins/contact-form-7/images/ajax-loader.gif]
[hireanhacker.com/wp-content/plugins/contact-form-7/includes/css/styles972f.css]
[hireanhacker.com/wp-content/plugins/quform/fonts/fontawesome-webfont3e6e.woff2]
[hireanhacker.com/wp-content/plugins/quform/fonts/fontawesome-webfont3e6e.eot]
[hireanhacker.com/wp-content/plugins/quform/fonts/fontawesome-webfontd41d.eot]
[hireanhacker.com/wp-content/plugins/quform/fonts/QIconSet1cc1.eot]
[hireanhacker.com/wp-content/plugins/quform/fonts/fontawesome-webfont3e6e.svg]
[hireanhacker.com/wp-content/plugins/quform/fonts/QIconSet1cc1.ttf]
[hireanhacker.com/wp-content/plugins/quform/fonts/QIconSet1cc1.woff]
[hireanhacker.com/wp-content/plugins/quform/fonts/QIconSet1cc1.svg]
[cryptocraxy.com/wp-content/uploads/2018/03/dark-code-750.jpg]
[hireanhacker.com/wp-content/plugins/quform/cache/quform66d5.css]
[hireanhacker.com/wp-content/plugins/revslider/public/assets/fonts/revicons/revicons90c6.eot]
[hireanhacker.com/wp-content/plugins/quform/fonts/fontawesome-webfont3e6e.woff]
[hireanhacker.com/wp-content/plugins/revslider/public/assets/fonts/revicons/revicons90c6.woff]
[hireanhacker.com/wp-content/plugins/revslider/public/assets/fonts/revicons/revicons90c6.ttf]
[hireanhacker.com/wp-content/plugins/revslider/public/assets/fonts/revicons/revicons90c6.svg]
[hireanhacker.com/wp-content/plugins/quform/fonts/fontawesome-webfont3e6e.ttf]
[hireanhacker.com/wp-content/plugins/revslider/public/assets/assets/gridtile.png]
[hireanhacker.com/wp-content/plugins/revslider/public/assets/assets/gridtile_white.png]
[hireanhacker.com/wp-content/plugins/revslider/public/assets/assets/gridtile_3x3.png]
[hireanhacker.com/wp-content/plugins/revslider/public/assets/assets/gridtile_3x3_white.png]
[hireanhacker.com/wp-content/plugins/revslider/public/assets/assets/coloredbg.png]
[hireanhacker.com/wp-content/plugins/revslider/public/assets/assets/loader.gif]
[hireanhacker.com/wp-content/plugins/revslider/public/assets/css/settings8ab9.css]
[hireanhacker.com/wp-content/plugins/revslider-particles-addon/public/assets/css/revolution.addon.particles4b68.css]
[hireanhacker.com/wp-content/plugins/goodlayers-core/plugins/combine/fontawesome/fontawesome-webfont3e6e.eot]
[hireanhacker.com/wp-content/plugins/goodlayers-core/plugins/combine/fontawesome/fontawesome-webfont3e6e.woff2]
[hireanhacker.com/wp-content/plugins/goodlayers-core/plugins/combine/fontawesome/fontawesome-webfontd41d.eot]
[hireanhacker.com/wp-content/plugins/goodlayers-core/plugins/combine/fontawesome/fontawesome-webfont3e6e.svg]
[hireanhacker.com/wp-content/plugins/goodlayers-core/plugins/combine/fontawesome/fontawesome-webfont3e6e.woff]
[hireanhacker.com/wp-content/plugins/goodlayers-core/plugins/combine/elegant/ElegantIcons.eot]
[hireanhacker.com/wp-content/plugins/goodlayers-core/plugins/combine/elegant/ElegantIconsd41d.eot]
[hireanhacker.com/wp-content/plugins/goodlayers-core/plugins/combine/fontawesome/fontawesome-webfont3e6e.ttf]
[hireanhacker.com/wp-content/plugins/goodlayers-core/plugins/combine/elegant/ElegantIcons.svg]
[hireanhacker.com/wp-content/plugins/goodlayers-core/plugins/combine/elegant/ElegantIcons.ttf]
[hireanhacker.com/wp-content/plugins/goodlayers-core/plugins/combine/elegant/ElegantIcons.woff]
[hireanhacker.com/wp-content/plugins/goodlayers-core/plugins/combine/skin-ilightbox/social_icons/facebook_16.png]
[hireanhacker.com/wp-content/plugins/goodlayers-core/plugins/combine/skin-ilightbox/social_icons/digg_16.png]
[hireanhacker.com/wp-content/plugins/goodlayers-core/plugins/combine/skin-ilightbox/social_icons/twitter_16.png]
[hireanhacker.com/wp-content/plugins/goodlayers-core/plugins/combine/skin-ilightbox/social_icons/delicious_16.png]
[hireanhacker.com/wp-content/plugins/goodlayers-core/plugins/combine/skin-ilightbox/social_icons/reddit_16.png]
[hireanhacker.com/wp-content/plugins/goodlayers-core/plugins/combine/skin-ilightbox/social_icons/google_plus_16.png]
[hireanhacker.com/wp-content/plugins/goodlayers-core/plugins/combine/skin-ilightbox/dark-skin/preloader.gif]
[hireanhacker.com/wp-content/plugins/goodlayers-core/plugins/combine/skin-ilightbox/dark-skin/caption-bg.png]
[hireanhacker.com/wp-content/plugins/goodlayers-core/plugins/combine/skin-ilightbox/dark-skin/alert.png]
[hireanhacker.com/wp-content/plugins/goodlayers-core/plugins/combine/skin-ilightbox/dark-skin/buttons.png]
[hireanhacker.com/wp-content/plugins/goodlayers-core/plugins/combine/skin-ilightbox/dark-skin/fullscreen-icon-64.png]
[hireanhacker.com/wp-content/plugins/goodlayers-core/plugins/combine/skin-ilightbox/dark-skin/fullscreen-icon-ie.png]
[hireanhacker.com/wp-content/plugins/goodlayers-core/plugins/combine/skin-ilightbox/dark-skin/x-mark-icon-64.png]
[hireanhacker.com/wp-content/plugins/goodlayers-core/plugins/combine/skin-ilightbox/dark-skin/x-mark-icon-ie.png]
[hireanhacker.com/wp-content/plugins/goodlayers-core/plugins/combine/skin-ilightbox/dark-skin/arrow-next-icon-64.png]
[hireanhacker.com/wp-content/plugins/goodlayers-core/plugins/combine/skin-ilightbox/dark-skin/arrow-next-icon-ie.png]
[hireanhacker.com/wp-content/plugins/goodlayers-core/plugins/combine/skin-ilightbox/dark-skin/arrow-prev-icon-64.png]
[hireanhacker.com/wp-content/plugins/goodlayers-core/plugins/combine/skin-ilightbox/dark-skin/arrow-prev-icon-ie.png]
[hireanhacker.com/wp-content/plugins/goodlayers-core/plugins/combine/skin-ilightbox/dark-skin/play-icon-64.png]
[hireanhacker.com/wp-content/plugins/goodlayers-core/plugins/combine/skin-ilightbox/dark-skin/play-icon-ie.png]
[hireanhacker.com/wp-content/plugins/goodlayers-core/plugins/combine/skin-ilightbox/dark-skin/pause-icon-64.png]
[hireanhacker.com/wp-content/plugins/goodlayers-core/plugins/combine/skin-ilightbox/dark-skin/pause-icon-ie.png]
[hireanhacker.com/wp-content/plugins/goodlayers-core/plugins/combine/skin-ilightbox/dark-skin/thumb-overlay-play.png]
[hireanhacker.com/wp-content/plugins/goodlayers-core/plugins/combine/skin-ilightbox/dark-skin/arrow-next-vertical-icon-64.png]
[hireanhacker.com/wp-content/plugins/goodlayers-core/plugins/combine/skin-ilightbox/dark-skin/arrow-prev-vertical-icon-64.png]
[hireanhacker.com/wp-content/plugins/goodlayers-core/plugins/combine/style5010.css]
[hireanhacker.com/wp-content/plugins/goodlayers-core/include/images/blog-style/blog-item-gradient.png]
[hireanhacker.com/wp-content/plugins/goodlayers-core/include/images/post-slider/gradient.png]
[hireanhacker.com/wp-content/plugins/goodlayers-core/include/images/gallery/gallery-shadow.png]
[hireanhacker.com/wp-content/plugins/goodlayers-core/include/images/portfolio/now-loading.gif]
[hireanhacker.com/wp-content/plugins/goodlayers-core/include/css/page-builder5010.css]
[hireanhacker.com/wp-content/themes/infinite/plugins/font-awesome/fonts/fontawesome-webfont3e6e.woff2]
[hireanhacker.com/wp-content/themes/infinite/plugins/font-awesome/fonts/fontawesome-webfont3e6e.eot]
[hireanhacker.com/wp-content/themes/infinite/plugins/font-awesome/fonts/fontawesome-webfontd41d.eot]
[hireanhacker.com/wp-content/themes/infinite/plugins/font-awesome/fonts/fontawesome-webfont3e6e.woff]
[hireanhacker.com/wp-content/themes/infinite/plugins/font-awesome/css/font-awesome.min5010.css]
[hireanhacker.com/wp-content/themes/infinite/plugins/font-awesome/fonts/fontawesome-webfont3e6e.svg]
[hireanhacker.com/wp-content/themes/infinite/plugins/elegant-font/fonts/ElegantIcons.eot]
[hireanhacker.com/wp-content/themes/infinite/plugins/elegant-font/fonts/ElegantIconsd41d.eot]
[hireanhacker.com/wp-content/themes/infinite/plugins/elegant-font/fonts/ElegantIcons.ttf]
[hireanhacker.com/wp-content/themes/infinite/plugins/elegant-font/fonts/ElegantIcons.svg]
[hireanhacker.com/wp-content/themes/infinite/plugins/elegant-font/fonts/ElegantIcons.woff]
[hireanhacker.com/wp-content/themes/infinite/plugins/elegant-font/style5010.css]
[hireanhacker.com/wp-content/themes/infinite/plugins/font-awesome/fonts/fontawesome-webfont3e6e.ttf]
[hireanhacker.com/wp-content/themes/infinite/images/preload.gif]
[hireanhacker.com/wp-content/themes/infinite/images/page-title-background.jpg]
[hireanhacker.com/wp-content/themes/infinite/images/blog-title-top-gradient.png]
[hireanhacker.com/wp-content/themes/infinite/images/blog-title-gradient.png]
[hireanhacker.com/wp-content/themes/infinite/images/404-background.jpg]
[hireanhacker.com/wp-content/themes/infinite/css/style-core5010.css]
[hireanhacker.com/wp-content/plugins/goodlayers-core/include/images/pattern/pattern-1.png]
[hireanhacker.com/wp-content/uploads/gdlr-style-custom69e5.css]
[hireanhacker.com/wp-content/plugins/jetpack/modules/carousel/images/arrows.png]
[hireanhacker.com/wp-content/plugins/jetpack/modules/carousel/images/arrows-2x.png]
[hireanhacker.com/wp-content/plugins/jetpack/modules/carousel/images/carousel-spritee4da.png]
[hireanhacker.com/wp-content/plugins/jetpack/modules/carousel/images/carousel-sprite-2xe4da.png]
[hireanhacker.com/wp-content/plugins/jetpack/css/jetpack271b.css]
[hireanhacker.com/wp-json/oembed/1.0/embed44aa.json]
[hireanhacker.com/wp-json/oembed/1.0/embed7b65]
[hireanhacker.com/wp-content/uploads/2016/06/home-service-bg.jpg]
[hireanhacker.com/wp-content/uploads/2013/12/img2.jpg]
[hireanhacker.com/wp-content/uploads/2013/12/img1.jpg]
[hireanhacker.com/portfolio/youtube-card/index.html]
[hireanhacker.com/wp-content/uploads/2013/12/img4.jpg]
[hireanhacker.com/wp-content/uploads/2013/12/img3.jpg]
[hireanhacker.com/portfolio/sweater-identity/index.html]
[i0.wp.com/hireanhacker.com/wp-content/uploads/2016/06/home-mobilea73d.png]
[hireanhacker.com/portfolio/luxury-house/index.html]
[hireanhacker.com/portfolio/business-identity/index.html]
[hireanhacker.com/wp-content/uploads/2018/03/madxx.jpg]
[hireanhacker.com/wp-content/uploads/2018/03/red-new-.jpg]
[hireanhacker.com/portfolio/business-card/index.html]
[hireanhacker.com/portfolio/a5-paper-mockup/index.html]
[hireanhacker.com/wp-content/uploads/2018/03/white-750.jpg]
[hireanhacker.com/portfolio/a4-paper-mockup/index.html]
[hireanhacker.com/wp-content/uploads/2018/03/dark-code-750.jpg]
[hireanhacker.com/wp-content/uploads/2016/06/home-testimonial-bg.jpg]
[hireanhacker.com/portfolio/a3-paper-mockup/index.html]
[i1.wp.com/hireanhacker.com/wp-content/uploads/2016/05/testimonial-118de.jpg]
[i0.wp.com/hireanhacker.com/wp-content/uploads/2017/06/bg-section1931cc.png]
[i1.wp.com/hireanhacker.com/wp-content/uploads/2016/05/testimonial-218de.jpg]
[i1.wp.com/hireanhacker.com/wp-content/uploads/2016/06/banner-29ef6.png]
[i1.wp.com/hireanhacker.com/wp-content/uploads/2016/06/banner-39ef6.png]
[i1.wp.com/hireanhacker.com/wp-content/uploads/2016/06/banner-49ef6.png]
[hireanhacker.com/i-sink-under-the-weight-of-the-splendour/index.html]
[i2.wp.com/hireanhacker.com/wp-content/uploads/2016/06/banner-59ef6.png]
[hireanhacker.com/2016/06/06/index.html]
[hireanhacker.com/author/admin/index.html]
[hireanhacker.com/wp-content/uploads/2016/06/home-contact-bg.jpg]
[hireanhacker.com/category/blog/index.html]
[hireanhacker.com/darkcode/index.html]
[hireanhacker.com/wp-content/plugins/jetpack/_inc/build/spin.min4e44.js]
[hireanhacker.com/even-the-all-powerful-pointing/index.html]
[hireanhacker.com/wp-content/plugins/jetpack/_inc/build/jquery.spin.min4e44.js]
[hireanhacker.com/wp-content/plugins/jetpack/_inc/build/carousel/jetpack-carousel.mina4d5.js]
[hireanhacker.com/homepage-main/index.html]
[hireanhacker.com/the-surfing-man-will-blow-your-mind/index.html]
[hireanhacker.com/demo2.mobilespy/favicon.ico]
[hireanhacker.com/demo2.mobilespy/apple-touch-icon-57x57.png]
[hireanhacker.com/demo2.mobilespy/apple-touch-icon-114x114.png]
[hireanhacker.com/demo2.mobilespy/apple-touch-icon-72x72.png]
[hireanhacker.com/demo2.mobilespy/apple-touch-icon-144x144.png]
[hireanhacker.com/far-far-away-behind-the-word-mountains/index.html]
[hireanhacker.com/demo2.mobilespy/apple-touch-icon-60x60.png]
[hireanhacker.com/demo2.mobilespy/apple-touch-icon-120x120.png]
[hireanhacker.com/demo2.mobilespy/apple-touch-icon-76x76.png]
[hireanhacker.com/demo2.mobilespy/apple-touch-icon-152x152.png]
[hireanhacker.com/demo2.mobilespy/assets/css/common3c4b3c4b.css]
[hireanhacker.com/demo2.mobilespy/billing.html]
[hireanhacker.com/demo2.mobilespy/contacts.html]
[hireanhacker.com/demo2.mobilespy/call-logs.html]
[hireanhacker.com/demo2.mobilespy/snapchat.html]
[hireanhacker.com/demo2.mobilespy/line.html]
[hireanhacker.com/demo2.mobilespy/text-messages.html]
[hireanhacker.com/demo2.mobilespy/locations.html]
[hireanhacker.com/demo2.mobilespy/geo-fencing.html]
[hireanhacker.com/demo2.mobilespy/photos.html]
[hireanhacker.com/demo2.mobilespy/video.html]
[hireanhacker.com/demo2.mobilespy/browser-history.html]
[hireanhacker.com/demo2.mobilespy/emails.html]
[hireanhacker.com/demo2.mobilespy/events.html]
[hireanhacker.com/demo2.mobilespy/block-websites.html]
[hireanhacker.com/demo2.mobilespy/skype.html]
[hireanhacker.com/demo2.mobilespy/whatsapp.html]
[hireanhacker.com/demo2.mobilespy/facebook.html]
[hireanhacker.com/demo2.mobilespy/viber.html]
[hireanhacker.com/demo2.mobilespy/tinder.html]
[hireanhacker.com/demo2.mobilespy/telegram.html]
[hireanhacker.com/demo2.mobilespy/instagram.html]
[hireanhacker.com/demo2.mobilespy/kik.html]
[hireanhacker.com/demo2.mobilespy/keywords.html]
[hireanhacker.com/demo2.mobilespy/installed-apps.html]
[hireanhacker.com/demo2.mobilespy/keylogger.html]
[hireanhacker.com/demo2.mobilespy/wi-fi.html]
[hireanhacker.com/demo2.mobilespy/device-management.html]
[hireanhacker.com/demo2.mobilespy/assets/img/mbmn.png]
[hireanhacker.com/demo2.mobilespy/assets/img/Dashboard3c4b3c4b.png]
[hireanhacker.com/demo2.mobilespy/assets/img/Dashboard-13c4b3c4b.png]
[hireanhacker.com/demo2.mobilespy/assets/img/Dashboard-23c4b3c4b.png]
[hireanhacker.com/demo2.mobilespy/assets/img/mobile-s/Control-Panel3c4b3c4b.png]
[hireanhacker.com/demo2.mobilespy/assets/img/anon .png]
[hireanhacker.com/demo2.mobilespy/assets/img/the-hacker-news3c4b.png]
[hireanhacker.com/demo2.mobilespy/assets/img/lock.png]
[hireanhacker.com/demo2.mobilespy/assets/img/index.html]
[hireanhacker.com/demo2.mobilespy/assets/js/lib/bowser3c4b3c4b.js]
[hireanhacker.com/demo2.mobilespy/assets/js/common3c4b3c4b.js]
[hireanhacker.com/demo2.mobilespy/assets/js/lib/jquery-2.1.4.min3c4b3c4b.js]
[hireanhacker.com/demo2.mobilespy/dashboard.html]
[hireanhacker.com/wp-content/plugins/jetpack/_inc/build/related-posts/related-posts.min7f79.js]
[hireanhacker.com/wp-json/oembed/1.0/embed8529.json]
[hireanhacker.com/wp-json/oembed/1.0/embed709b]
[hireanhacker.com/wp-content/uploads/2017/06/cr2_01.png]
[hireanhacker.com/wp-content/uploads/2018/03/white.jpg]
[i0.wp.com/hireanhacker.com/wp-content/uploads/2018/03/whiteef64.jpg]
[hireanhacker.com/personnel/backdoor-guys/index.html]
[hireanhacker.com/backdoor-guys/index.html]
[hireanhacker.com/wp-json/oembed/1.0/embeda851.json]
[hireanhacker.com/wp-json/oembed/1.0/embeda0ac]
[hireanhacker.com/personnel/darkcode/index.html]
[hireanhacker.com/wp-json/oembed/1.0/embed12ab.json]
[hireanhacker.com/wp-json/oembed/1.0/embed931d]
[hireanhacker.com/personnel/hackered/index.html]
[hireanhacker.com/hackered/index.html]
[hireanhacker.com/wp-json/oembed/1.0/embed44d5.json]
[hireanhacker.com/personnel/madrix/index.html]
[hireanhacker.com/wp-json/oembed/1.0/embeddf0f]
[hireanhacker.com/madrix/index.html]
[hireanhacker.com/wp-content/plugins/revslider/public/assets/fonts/font-awesome/fonts/fontawesome-webfont3e6e.eot]
[hireanhacker.com/wp-content/plugins/revslider/public/assets/fonts/font-awesome/fonts/fontawesome-webfont3e6e.woff2]
[hireanhacker.com/wp-content/plugins/revslider/public/assets/fonts/font-awesome/fonts/fontawesome-webfontd41d.eot]
[hireanhacker.com/wp-content/plugins/revslider/public/assets/fonts/font-awesome/css/font-awesome.css]
[s0.wp.com/wp-content/js/devicepx-jetpackb9f3.js]
[hireanhacker.com/wp-content/plugins/revslider/public/assets/fonts/font-awesome/fonts/fontawesome-webfont3e6e.svg]
[hireanhacker.com/wp-content/plugins/revslider/public/assets/fonts/font-awesome/fonts/fontawesome-webfont3e6e.woff]
[pixel.wp.com/g9818.gif]
[s.gravatar.com/js/gprofiles451a.js]
[hireanhacker.com/wp-content/plugins/revslider/public/assets/fonts/font-awesome/fonts/fontawesome-webfont3e6e.ttf]
[stats.wp.com/e-201838.js]
[hireanhacker.com/wp-content/plugins/quform/fonts/fontawesome-webfont3e6e.svg]
[hireanhacker.com/wp-content/plugins/quform/fonts/QIconSet1cc1.svg]
[hireanhacker.com/wp-content/plugins/revslider/public/assets/fonts/revicons/revicons90c6.svg]
[hireanhacker.com/wp-content/plugins/revslider/public/assets/css/openhand.html]
[hireanhacker.com/wp-content/plugins/revslider/public/assets/css/closedhand.html]
[hireanhacker.com/wp-content/plugins/goodlayers-core/plugins/combine/fontawesome/fontawesome-webfont3e6e.svg]
[hireanhacker.com/wp-content/plugins/goodlayers-core/plugins/combine/elegant/ElegantIcons.svg]
[hireanhacker.com/wp-content/plugins/goodlayers-core/plugins/combine/skin-ilightbox/closedhand.html]
[hireanhacker.com/wp-content/themes/infinite/plugins/font-awesome/fonts/fontawesome-webfont3e6e.svg]
[hireanhacker.com/wp-content/themes/infinite/plugins/elegant-font/fonts/ElegantIcons.svg]
[hireanhacker.com/wp-json/oembed/1.0/embed8d01.json]
[hireanhacker.com/portfolio/youtube-card/index.html]
[hireanhacker.com/wp-json/oembed/1.0/embed4d2b]
[hireanhacker.com/wp-json/oembed/1.0/embedf321.json]
[hireanhacker.com/portfolio/sweater-identity/index.html]
[hireanhacker.com/wp-json/oembed/1.0/embed6b1c]
[hireanhacker.com/wp-json/oembed/1.0/embedf87d.json]
[hireanhacker.com/portfolio/luxury-house/index.html]
[hireanhacker.com/wp-json/oembed/1.0/embed8097]
[hireanhacker.com/wp-json/oembed/1.0/embedfcce.json]
[hireanhacker.com/portfolio/business-identity/index.html]
[hireanhacker.com/wp-json/oembed/1.0/embed8bb5]
[hireanhacker.com/wp-json/oembed/1.0/embed5c11.json]
[hireanhacker.com/portfolio/business-card/index.html]
[hireanhacker.com/wp-json/oembed/1.0/embed5c2d]
[hireanhacker.com/wp-json/oembed/1.0/embedd3a8.json]
[hireanhacker.com/portfolio/a5-paper-mockup/index.html]
[hireanhacker.com/wp-json/oembed/1.0/embed296b]
[hireanhacker.com/wp-json/oembed/1.0/embed4533.json]
[hireanhacker.com/portfolio/a4-paper-mockup/index.html]
[hireanhacker.com/wp-json/oembed/1.0/embed5b4c]
[hireanhacker.com/wp-json/oembed/1.0/embed7609.json]
[hireanhacker.com/portfolio/full-image-style-two/index.html]
[hireanhacker.com/portfolio/a3-paper-mockup/index.html]
[hireanhacker.com/wp-json/oembed/1.0/embed4093]
[hireanhacker.com/wp-content/plugins/jetpack/_inc/social-logos/social-logos.min68b3.css]
[hireanhacker.com/i-sink-under-the-weight-of-the-splendour/feed/index.html]
[hireanhacker.com/wp-json/oembed/1.0/embed9790.json]
[hireanhacker.com/wp-json/oembed/1.0/embed8a5a]
[i1.wp.com/demo.goodlayers.com/infinite/wp-content/uploads/2016/06/sunrise-phu-quoc-island-oceana74b.jpg]
[hireanhacker.com/tag/adventure/index.html]
[hireanhacker.com/possession-of-my-entire-soul/index.html]
[hireanhacker.com/simple-image-post/index.html]
[hireanhacker.com/wp-includes/js/comment-reply.min5010.js]
[hireanhacker.com/wp-content/plugins/jetpack/_inc/build/postmessage.min271b.js]
[hireanhacker.com/tag/surf/index.html]
[hireanhacker.com/tag/ocean/index.html]
[hireanhacker.com/wp-content/plugins/jetpack/_inc/build/jquery.jetpack-resize.min271b.js]
[hireanhacker.com/wp-content/plugins/jetpack/_inc/build/likes/queuehandler.min271b.js]
[hireanhacker.com/i-sink-under-the-weight-of-the-splendour/index.html]
[hireanhacker.com/wp-content/plugins/jetpack/_inc/build/sharedaddy/sharing.min271b.js]
[i2.wp.com/hireanhacker.com/wp-content/uploads/2016/06/blog-masonry-1cfa3.jpg]
[hireanhacker.com/category/masonry/index.html]
[hireanhacker.com/pityful-a-rethoric-question-ran/index.html]
[i2.wp.com/hireanhacker.com/wp-content/uploads/2016/06/blog-masonry-2.jpg]
[i2.wp.com/hireanhacker.com/wp-content/uploads/2016/06/pexels-photo-27610.jpg]
[hireanhacker.com/separated-they-live-in-bookmarksgrove/index.html]
[hireanhacker.com/2016/06/06/index.html]
[hireanhacker.com/single-post-custom-one/index.html]
[hireanhacker.com/2016/06/06/page/2/index.html]
[hireanhacker.com/single-post-custom-two/index.html]
[hireanhacker.com/2016/06/06/page/3/index.html]
[hireanhacker.com/author/admin/feed/index.html]
[i0.wp.com/hireanhacker.com/wp-content/uploads/2013/12/img1cd66.jpg]
[hireanhacker.com/author/admin/index.html]
[hireanhacker.com/hello-world/index.html]
[hireanhacker.com/category/uncategorized/index.html]
[hireanhacker.com/2018/01/06/index.html]
[hireanhacker.com/author/admin/page/2/index.html]
[hireanhacker.com/author/admin/page/3/index.html]
[hireanhacker.com/author/admin/page/4/index.html]
[i2.wp.com/hireanhacker.com/wp-content/uploads/2016/06/pexels-photo-2.jpg]
[hireanhacker.com/category/blog/index.html]
[hireanhacker.com/category/blog/feed/index.html]
[hireanhacker.com/single-post-custom-three/index.html]
[hireanhacker.com/single-post-custom-four/index.html]
[hireanhacker.com/wp-json/oembed/1.0/embed351b.json]
[hireanhacker.com/a-wonderful-serenity-has-taken-possession/index.html]
[hireanhacker.com/darkcode/feed/index.html]
[hireanhacker.com/category/blog/page/2/index.html]
[hireanhacker.com/wp-json/oembed/1.0/embedfda7]
[hireanhacker.com/tag/dark-code/index.html]
[i2.wp.com/cryptocraxy.com/wp-content/uploads/2018/03/dark-code-user.154.delayed]
[hireanhacker.com/tag/bitcoin/index.html]
[hireanhacker.com/tag/hacker/index.html]
[i2.wp.com/cryptocraxy.com/wp-content/uploads/2018/03/dark-code-user-1024x652d559.jpg]
[hireanhacker.com/darkcode/index.html]
[hireanhacker.com/tag/payment/index.html]
[hireanhacker.com/wp-json/oembed/1.0/embed5f8b.json]
[hireanhacker.com/even-the-all-powerful-pointing/feed/index.html]
[hireanhacker.com/even-the-all-powerful-pointing/index.html]
[hireanhacker.com/wp-json/oembed/1.0/embed69d2]
[hireanhacker.com/wp-json/oembed/1.0/embed2fe1.json]
[hireanhacker.com/the-surfing-man-will-blow-your-mind/index.html]
[hireanhacker.com/the-surfing-man-will-blow-your-mind/feed/index.html]
[hireanhacker.com/wp-json/oembed/1.0/embede944]
[hireanhacker.com/wp-json/oembed/1.0/embed2a4f.json]
[hireanhacker.com/far-far-away-behind-the-word-mountains/feed/index.html]
[hireanhacker.com/far-far-away-behind-the-word-mountains/index.html]
[hireanhacker.com/wp-json/oembed/1.0/embed3a78]
[hireanhacker.com/tag/nature/index.html]
[hireanhacker.com/demo2.mobilespy/assets/fonts/fontawesome-webfont32953295.eot]
[hireanhacker.com/demo2.mobilespy/assets/fonts/fontawesome-webfontd41dd41d.eot]
[hireanhacker.com/demo2.mobilespy/assets/css/common3c4b3c4b.css]
[hireanhacker.com/demo2.mobilespy/assets/img/check.svg]
[hireanhacker.com/demo2.mobilespy/assets/fonts/fontawesome-webfont32953295.svg]
[hireanhacker.com/demo2.mobilespy/assets/fonts/fontawesome-webfont32953295.ttf]
[hireanhacker.com/demo2.mobilespy/assets/img/Billing3c4b3c4b.png]
[hireanhacker.com/demo2.mobilespy/assets/img/mobile-s/billing3c4b3c4b.png]
[hireanhacker.com/demo2.mobilespy/assets/img/Support-Options3c4b3c4b.png]
[hireanhacker.com/demo2.mobilespy/billing.html]
[hireanhacker.com/demo2.mobilespy/assets/img/Contacts3c4b3c4b.png]
[hireanhacker.com/demo2.mobilespy/assets/img/mobile-s/Contacts3c4b3c4b.png]
[hireanhacker.com/demo2.mobilespy/contacts.html]
[hireanhacker.com/demo2.mobilespy/assets/img/Call-logs3c4b3c4b.png]
[hireanhacker.com/demo2.mobilespy/assets/img/Restrict-incoming-calls3c4b3c4b.png]
[hireanhacker.com/demo2.mobilespy/assets/img/mobile-s/Monitor-Calls3c4b3c4b.png]
[hireanhacker.com/demo2.mobilespy/assets/img/mobile-s/Incoming-Calls-Restriction-3c4b3c4b.png]
[hireanhacker.com/demo2.mobilespy/call-logs.html]
[hireanhacker.com/demo2.mobilespy/assets/img/Snapchat3c4b3c4b.png]
[hireanhacker.com/demo2.mobilespy/assets/img/mobile-s/Snapchat3c4b3c4b.png]
[hireanhacker.com/demo2.mobilespy/snapchat.html]
[hireanhacker.com/demo2.mobilespy/assets/img/Line-13c4b3c4b.png]
[hireanhacker.com/demo2.mobilespy/assets/img/Line-23c4b3c4b.png]
[hireanhacker.com/demo2.mobilespy/assets/img/mobile-s/Line-tracker3c4b3c4b.png]
[hireanhacker.com/demo2.mobilespy/line.html]
[hireanhacker.com/demo2.mobilespy/assets/img/SMS3c4b3c4b.png]
[hireanhacker.com/demo2.mobilespy/assets/img/mobile-s/Sent-received-sms3c4b3c4b.png]
[hireanhacker.com/demo2.mobilespy/assets/img/mobile-s/iMessage3c4b3c4b.png]
[hireanhacker.com/demo2.mobilespy/text-messages.html]
[hireanhacker.com/demo2.mobilespy/assets/img/GPS-Loc-13c4b3c4b.png]
[hireanhacker.com/demo2.mobilespy/assets/img/GPS-Loc-23c4b3c4b.png]
[hireanhacker.com/demo2.mobilespy/assets/img/mobile-s/Current-GPS3c4b3c4b.png]
[hireanhacker.com/demo2.mobilespy/locations.html]
[hireanhacker.com/demo2.mobilespy/assets/img/Geo-fencing3c4b3c4b.png]
[hireanhacker.com/demo2.mobilespy/assets/img/mobile-s/geo-fence3c4b3c4b.png]
[hireanhacker.com/demo2.mobilespy/geo-fencing.html]
[hireanhacker.com/demo2.mobilespy/assets/img/Photo3c4b3c4b.png]
[hireanhacker.com/demo2.mobilespy/assets/img/mobile-s/Photo3c4b3c4b.png]
[hireanhacker.com/demo2.mobilespy/photos.html]
[hireanhacker.com/demo2.mobilespy/assets/img/Video3c4b3c4b.png]
[hireanhacker.com/demo2.mobilespy/assets/img/mobile-s/Videos3c4b3c4b.png]
[hireanhacker.com/demo2.mobilespy/video.html]
[hireanhacker.com/demo2.mobilespy/assets/img/Browser-history3c4b3c4b.png]
[hireanhacker.com/demo2.mobilespy/assets/img/Browser-bookmark3c4b3c4b.png]
[hireanhacker.com/demo2.mobilespy/assets/img/mobile-s/browser-history3c4b3c4b.png]
[hireanhacker.com/demo2.mobilespy/browser-history.html]
[hireanhacker.com/demo2.mobilespy/assets/img/E-mail3c4b3c4b.png]
[hireanhacker.com/demo2.mobilespy/assets/img/mobile-s/Emails3c4b3c4b.png]
[hireanhacker.com/demo2.mobilespy/emails.html]
[hireanhacker.com/demo2.mobilespy/assets/img/Events3c4b3c4b.png]
[hireanhacker.com/demo2.mobilespy/assets/img/mobile-s/Calendar3c4b3c4b.png]
[hireanhacker.com/demo2.mobilespy/events.html]
[hireanhacker.com/demo2.mobilespy/assets/img/Block-websites3c4b3c4b.png]
[hireanhacker.com/demo2.mobilespy/assets/img/mobile-s/blocking-websites3c4b3c4b.png]
[hireanhacker.com/demo2.mobilespy/block-websites.html]
[hireanhacker.com/demo2.mobilespy/assets/img/Skype-13c4b3c4b.png]
[hireanhacker.com/demo2.mobilespy/assets/img/Skype-23c4b3c4b.png]
[hireanhacker.com/demo2.mobilespy/assets/img/Skype-33c4b3c4b.png]
[hireanhacker.com/demo2.mobilespy/assets/img/mobile-s/Skype3c4b3c4b.png]
[hireanhacker.com/demo2.mobilespy/skype.html]
[hireanhacker.com/demo2.mobilespy/assets/img/Whatsapp3c4b3c4b.png]
[hireanhacker.com/demo2.mobilespy/assets/img/mobile-s/WhatsApp3c4b3c4b.png]
[hireanhacker.com/demo2.mobilespy/whatsapp.html]
[hireanhacker.com/demo2.mobilespy/assets/img/Facebook3c4b3c4b.png]
[hireanhacker.com/demo2.mobilespy/assets/img/mobile-s/Facebook3c4b3c4b.png]
[hireanhacker.com/demo2.mobilespy/facebook.html]
[hireanhacker.com/demo2.mobilespy/assets/img/Viber-13c4b3c4b.png]
[hireanhacker.com/demo2.mobilespy/assets/img/Viber-23c4b3c4b.png]
[hireanhacker.com/demo2.mobilespy/assets/img/Viber-33c4b3c4b.png]
[hireanhacker.com/demo2.mobilespy/assets/img/mobile-s/Viber3c4b3c4b.png]
[hireanhacker.com/demo2.mobilespy/viber.html]
[hireanhacker.com/demo2.mobilespy/assets/img/Tinder3c4b3c4b.png]
[hireanhacker.com/demo2.mobilespy/assets/img/Tinder-23c4b3c4b.png]
[hireanhacker.com/demo2.mobilespy/assets/img/Tinder-33c4b3c4b.png]
[hireanhacker.com/demo2.mobilespy/assets/img/mobile-s/Tinder3c4b3c4b.png]
[hireanhacker.com/demo2.mobilespy/tinder.html]
[hireanhacker.com/demo2.mobilespy/assets/img/Telegram3c4b3c4b.png]
[hireanhacker.com/demo2.mobilespy/assets/img/mobile-s/Telegram3c4b3c4b.png]
[hireanhacker.com/demo2.mobilespy/telegram.html]
[hireanhacker.com/demo2.mobilespy/assets/img/instagram-big-screen3c4b3c4b.png]
[hireanhacker.com/demo2.mobilespy/assets/img/mobile-s/instagram-small-screen3c4b3c4b.html]
[hireanhacker.com/demo2.mobilespy/instagram.html]
[hireanhacker.com/demo2.mobilespy/assets/img/kik-big-screen3c4b3c4b.png]
[hireanhacker.com/demo2.mobilespy/kik.html]
[hireanhacker.com/demo2.mobilespy/assets/img/mobile-s/kik-small-screen3c4b3c4b.html]
[hireanhacker.com/demo2.mobilespy/assets/img/Keyword-tracking3c4b3c4b.png]
[hireanhacker.com/demo2.mobilespy/assets/img/mobile-s/Keyword-tracking3c4b3c4b.png]
[hireanhacker.com/demo2.mobilespy/keywords.html]
[hireanhacker.com/demo2.mobilespy/assets/img/installed-apps3c4b3c4b.png]
[hireanhacker.com/demo2.mobilespy/assets/img/mobile-s/Installed-Apps3c4b3c4b.png]
[hireanhacker.com/demo2.mobilespy/installed-apps.html]
[hireanhacker.com/demo2.mobilespy/assets/img/Keylogger3c4b3c4b.png]
[hireanhacker.com/demo2.mobilespy/assets/img/mobile-s/Keylogger3c4b3c4b.png]
[hireanhacker.com/demo2.mobilespy/keylogger.html]
[hireanhacker.com/demo2.mobilespy/assets/img/Wi-fi-13c4b3c4b.png]
[hireanhacker.com/demo2.mobilespy/assets/img/Wi-fi-23c4b3c4b.png]
[hireanhacker.com/demo2.mobilespy/assets/img/mobile-s/Wi-Fi-networks3c4b3c4b.png]
[hireanhacker.com/demo2.mobilespy/wi-fi.html]
[hireanhacker.com/demo2.mobilespy/assets/img/Phone-management3c4b3c4b.png]
[hireanhacker.com/demo2.mobilespy/assets/img/Uninstall-alert3c4b3c4b.png]
[hireanhacker.com/demo2.mobilespy/assets/img/mobile-s/Additional-Device-Info3c4b3c4b.png]
[hireanhacker.com/demo2.mobilespy/assets/img/mobile-s/Reports3c4b3c4b.png]
[hireanhacker.com/demo2.mobilespy/device-management.html]
[hireanhacker.com/demo2.mobilespy/assets/img/Billing3c4b.png]
[hireanhacker.com/demo2.mobilespy/assets/img/indexc052.html]
[hireanhacker.com/demo2.mobilespy/assets/img/Block-websites3c4b.png]
[hireanhacker.com/demo2.mobilespy/assets/img/Browser-bookmark3c4b.png]
[hireanhacker.com/demo2.mobilespy/assets/img/indexf8a0.html]
[hireanhacker.com/demo2.mobilespy/assets/img/Browser-history3c4b.png]
[hireanhacker.com/demo2.mobilespy/assets/img/indexbfec.html]
[hireanhacker.com/demo2.mobilespy/assets/img/Call-logs3c4b.png]
[hireanhacker.com/demo2.mobilespy/assets/img/index30b5.html]
[hireanhacker.com/demo2.mobilespy/assets/img/Contacts3c4b.png]
[hireanhacker.com/demo2.mobilespy/assets/index.html]
[hireanhacker.com/demo2.mobilespy/assets/img/Dashboard-13c4b.png]
[hireanhacker.com/demo2.mobilespy/assets/img/Dashboard-23c4b.png]
[hireanhacker.com/demo2.mobilespy/assets/img/Dashboard3c4b.png]
[hireanhacker.com/demo2.mobilespy/assets/img/E-mail3c4b.png]
[hireanhacker.com/demo2.mobilespy/assets/img/Events3c4b.png]
[hireanhacker.com/demo2.mobilespy/assets/img/Facebook3c4b.png]
[hireanhacker.com/demo2.mobilespy/assets/img/GPS-Loc-13c4b.png]
[hireanhacker.com/demo2.mobilespy/assets/img/GPS-Loc-23c4b.png]
[hireanhacker.com/demo2.mobilespy/assets/img/Geo-fencing3c4b.png]
[hireanhacker.com/demo2.mobilespy/assets/img/Keylogger3c4b.png]
[hireanhacker.com/demo2.mobilespy/assets/img/Keyword-tracking3c4b.png]
[hireanhacker.com/demo2.mobilespy/assets/img/Line-13c4b.png]
[hireanhacker.com/demo2.mobilespy/assets/img/Line-23c4b.png]
[hireanhacker.com/demo2.mobilespy/assets/img/Phone-management3c4b.png]
[hireanhacker.com/demo2.mobilespy/assets/img/Photo3c4b.png]
[hireanhacker.com/demo2.mobilespy/assets/img/OPT/index.html]
[hireanhacker.com/demo2.mobilespy/assets/img/Restrict-incoming-calls3c4b.png]
[hireanhacker.com/demo2.mobilespy/assets/img/SMS3c4b.png]
[hireanhacker.com/demo2.mobilespy/assets/img/Skype-13c4b.png]
[hireanhacker.com/demo2.mobilespy/assets/img/Skype-23c4b.png]
[hireanhacker.com/demo2.mobilespy/assets/img/Skype-33c4b.png]
[hireanhacker.com/demo2.mobilespy/assets/img/Snapchat3c4b.png]
[hireanhacker.com/demo2.mobilespy/assets/img/Support-Options3c4b.png]
[hireanhacker.com/demo2.mobilespy/assets/img/Telegram3c4b.png]
[hireanhacker.com/demo2.mobilespy/assets/img/Tinder-23c4b.png]
[hireanhacker.com/demo2.mobilespy/assets/img/Tinder-33c4b.png]
[hireanhacker.com/demo2.mobilespy/assets/img/Tinder3c4b.png]
[hireanhacker.com/demo2.mobilespy/assets/img/Uninstall-alert3c4b.png]
[hireanhacker.com/demo2.mobilespy/assets/img/Viber-13c4b.png]
[hireanhacker.com/demo2.mobilespy/assets/img/Viber-23c4b.png]
[hireanhacker.com/demo2.mobilespy/assets/img/Viber-33c4b.png]
[hireanhacker.com/demo2.mobilespy/assets/img/Video3c4b.png]
[hireanhacker.com/demo2.mobilespy/assets/img/Whatsapp3c4b.png]
[hireanhacker.com/demo2.mobilespy/assets/img/Wi-fi-13c4b.png]
[hireanhacker.com/demo2.mobilespy/assets/img/Wi-fi-23c4b.png]
[hireanhacker.com/demo2.mobilespy/assets/img/instagram-big-screen3c4b.jpg]
[hireanhacker.com/demo2.mobilespy/assets/img/instagram-big-screen3c4b.png]
[hireanhacker.com/demo2.mobilespy/assets/img/installed-apps3c4b.png]
[hireanhacker.com/demo2.mobilespy/assets/img/kik-big-screen3c4b.jpg]
[hireanhacker.com/demo2.mobilespy/assets/img/kik-big-screen3c4b.png]
[hireanhacker.com/demo2.mobilespy/assets/img/sb-widget-logo-b3c4b.png]
[hireanhacker.com/demo2.mobilespy/assets/img/mobile-s/index.html]
[hireanhacker.com/demo2.mobilespy/assets/img/the-hacker-news.png]
[hireanhacker.com/demo2.mobilespy/assets/img/index.html]
[hireanhacker.com/wp-json/oembed/1.0/embede25e.json]
[hireanhacker.com/wp-json/oembed/1.0/embed8d14]
[i0.wp.com/cryptocraxy.com/wp-content/uploads/2018/03/white.jpg]
[i0.wp.com/cryptocraxy.com/wp-content/uploads/2018/03/white-1024x57692f8.jpg]
[hireanhacker.com/backdoor-guys/index.html]
[hireanhacker.com/wp-json/oembed/1.0/embed1bdd.json]
[hireanhacker.com/wp-json/oembed/1.0/embedc996]
[i2.wp.com/cryptocraxy.com/wp-content/uploads/2018/03/red-new-.jpg]
[i2.wp.com/cryptocraxy.com/wp-content/uploads/2018/03/red-new-c803.jpg]
[hireanhacker.com/hackered/index.html]
[hireanhacker.com/wp-json/oembed/1.0/embed7670.json]
[hireanhacker.com/wp-json/oembed/1.0/embedc122]
[i2.wp.com/cryptocraxy.com/wp-content/uploads/2018/03/madxx.jpg]
[i2.wp.com/cryptocraxy.com/wp-content/uploads/2018/03/madxxc375.jpg]
[hireanhacker.com/madrix/index.html]
[hireanhacker.com/wp-content/plugins/revslider/public/assets/fonts/font-awesome/fonts/fontawesome-webfont3e6e.svg]
[hireanhacker.com/ABCDEFGHIJKLMNOPQRSTUVWXYZabcdefghijklmnopqrstuvwxyz0123456789+/index.html]
[hireanhacker.com/wp-json/oembed/1.0/embed0dbd.json]
[hireanhacker.com/portfolio/project-half-box-style-two/index.html]
[hireanhacker.com/wp-json/oembed/1.0/embed8e23]
[hireanhacker.com/wp-content/uploads/2016/05/port-5.jpg]
[hireanhacker.com/wp-content/uploads/2016/05/port-8.jpg]
[hireanhacker.com/portfolio_tag/web-design/index.html]
[hireanhacker.com/portfolio_tag/layout/index.html]
[hireanhacker.com/wp-content/uploads/2016/05/port-3.jpg]
[hireanhacker.com/wp-content/uploads/2016/05/port-2.jpg]
[hireanhacker.com/portfolio/full-image-style-two/index.html]
[hireanhacker.com/wp-content/plugins/jetpack/_inc/social-logos/social-logos6de4.eot]
[hireanhacker.com/wp-content/plugins/jetpack/_inc/social-logos/social-logosd41d.eot]
[hireanhacker.com/wp-content/plugins/jetpack/_inc/social-logos/social-logos6de4.ttf]
[hireanhacker.com/wp-content/plugins/jetpack/_inc/social-logos/social-logos.min68b3.css]
[hireanhacker.com/wp-json/oembed/1.0/embed2df4.json]
[hireanhacker.com/possession-of-my-entire-soul/feed/index.html]
[hireanhacker.com/wp-json/oembed/1.0/embed667b]
[hireanhacker.com/wp-content/uploads/2016/05/bg-9.jpg]
[hireanhacker.com/tag/photography/index.html]
[hireanhacker.com/wp-content/uploads/2016/06/pexels-photo-2.jpg]
[hireanhacker.com/tag/work-space/index.html]
[hireanhacker.com/possession-of-my-entire-soul/index.html]
[hireanhacker.com/wp-json/oembed/1.0/embeda52b.json]
[hireanhacker.com/simple-image-post/feed/index.html]
[hireanhacker.com/wp-json/oembed/1.0/embed4871]
[i1.wp.com/hireanhacker.com/wp-content/uploads/2013/12/img2cd66.jpg]
[hireanhacker.com/author/admin-2/index.html]
[hireanhacker.com/category/business/index.html]
[hireanhacker.com/tag/design/index.html]
[i2.wp.com/www.motivoweb.com/najma/demo/wp-content/uploads/2017/06/single4fa4.jpg]
[hireanhacker.com/standard-gallery-post/index.html]
[hireanhacker.com/simple-image-post/index.html]
[hireanhacker.com/tag/html5/index.html]
[hireanhacker.com/tag/php/index.html]
[hireanhacker.com/tag/responsive/index.html]
[hireanhacker.com/tag/adventure/index.html]
[hireanhacker.com/tag/ocean/feed/index.html]
[hireanhacker.com/tag/adventure/feed/index.html]
[hireanhacker.com/wp-includes/js/mediaelement/mediaelementplayer-legacy.min45a0.css]
[hireanhacker.com/wp-includes/js/mediaelement/wp-mediaelement.min5010.css]
[hireanhacker.com/category/post-format/index.html]
[hireanhacker.com/wp-includes/js/mediaelement/mediaelement-migrate.min5010.js]
[hireanhacker.com/audio-post-format/index.html]
[hireanhacker.com/wp-includes/js/mediaelement/mediaelement-and-player.min45a0.js]
[hireanhacker.com/tag/ocean/index.html]
[hireanhacker.com/tag/surf/index.html]
[hireanhacker.com/i-sink-under-the-weight-of-the-splendour/index9a7b.html]
[hireanhacker.com/i-sink-under-the-weight-of-the-splendour/index5a58.html]
[hireanhacker.com/i-sink-under-the-weight-of-the-splendour/index386f.html]
[hireanhacker.com/category/masonry/index.html]
[hireanhacker.com/wp-includes/js/mediaelement/wp-mediaelement.min5010.js]
[hireanhacker.com/category/masonry/feed/index.html]
[hireanhacker.com/pityful-a-rethoric-question-ran/feed/index.html]
[hireanhacker.com/wp-json/oembed/1.0/embed146d.json]
[hireanhacker.com/tag/surf/feed/index.html]
[hireanhacker.com/wp-json/oembed/1.0/embedae5d]
[hireanhacker.com/wp-content/uploads/2016/06/blog-masonry-1.jpg]
[hireanhacker.com/pityful-a-rethoric-question-ran/index.html]
[hireanhacker.com/tag/city/index.html]
[hireanhacker.com/tag/bridge/index.html]
[hireanhacker.com/wp-json/oembed/1.0/embedda5c.json]
[hireanhacker.com/wp-json/oembed/1.0/embed4251]
[hireanhacker.com/separated-they-live-in-bookmarksgrove/feed/index.html]
[hireanhacker.com/wp-content/uploads/2016/06/blog-masonry-2.jpg]
[hireanhacker.com/separated-they-live-in-bookmarksgrove/index.html]
[hireanhacker.com/wp-json/oembed/1.0/embedcdc6.json]
[hireanhacker.com/single-post-custom-one/feed/index.html]
[hireanhacker.com/wp-json/oembed/1.0/embedb83d]
[hireanhacker.com/single-post-custom-one/index.html]
[hireanhacker.com/tag/fashion/index.html]
[hireanhacker.com/tag/men/index.html]
[hireanhacker.com/single-post-custom-two/feed/index.html]
[hireanhacker.com/wp-json/oembed/1.0/embed08bd.json]
[hireanhacker.com/wp-json/oembed/1.0/embed597d]
[hireanhacker.com/wp-content/uploads/2016/06/pexels-photo-27610.jpg]
[hireanhacker.com/single-post-custom-two/index.html]
[hireanhacker.com/tag/hill/index.html]
[i2.wp.com/hireanhacker.com/wp-content/uploads/2016/06/photo-1441716844725-09cedc13a4e77ae1.jpg]
[hireanhacker.com/this-is-an-awesome-sticky-post/index.html]
[i0.wp.com/hireanhacker.com/wp-content/uploads/2016/06/photo-1447876394678-42a7efa1b6db.jpg]
[hireanhacker.com/standard-post-type/index.html]
[hireanhacker.com/video-post-format/index.html]
[i0.wp.com/hireanhacker.com/wp-content/uploads/2016/06/photo-1447876394678-42a7efa1b6db-1000x346.jpg]
[hireanhacker.com/2016/06/06/page/2/index.html]
[hireanhacker.com/gallery-post-format/index.html]
[hireanhacker.com/link-post-format/index.html]
[demo.goodlayers.com/infinite/wp-content/uploads/2016/06/photo-1443890484047-5eaa67d1d630.jpg]
[hireanhacker.com/2016/06/06/page/3/index.html]
[hireanhacker.com/aside-post-format/index.html]
[hireanhacker.com/image-post-format/index.html]
[hireanhacker.com/hello-world/feed/index.html]
[hireanhacker.com/wp-json/oembed/1.0/embed0325.json]
[hireanhacker.com/wp-json/oembed/1.0/embed2085]
[hireanhacker.com/hello-world/index.html]
[hireanhacker.com/audio-post-2/index.html]
[hireanhacker.com/2018/01/06/index.html]
[hireanhacker.com/category/uncategorized/feed/index.html]
[hireanhacker.com/category/uncategorized/index.html]
[hireanhacker.com/author/admin/page/2/index.html]
[hireanhacker.com/author/admin/page/3/index.html]
[hireanhacker.com/hello-world/index6809.html]
[hireanhacker.com/wonderful-serenity-has-taken/index.html]
[hireanhacker.com/category/news/index.html]
[hireanhacker.com/2016/05/18/index.html]
[hireanhacker.com/2016/05/17/index.html]
[hireanhacker.com/in-my-soul-and-absorb-its-power/index.html]
[hireanhacker.com/author/admin/page/4/index.html]
[hireanhacker.com/i-hear-the-buzz-of-the-little/index.html]
[hireanhacker.com/2016/05/16/index.html]
[hireanhacker.com/2016/05/15/index.html]
[hireanhacker.com/and-heaven-and-earth-seem-to-dwell/index.html]
[hireanhacker.com/wp-json/oembed/1.0/embedb20f.json]
[hireanhacker.com/2016/05/14/index.html]
[hireanhacker.com/i-am-so-happy-my-dear-friend-2/index.html]
[hireanhacker.com/wp-json/oembed/1.0/embed9066]
[hireanhacker.com/post-with-image-grid/index.html]
[hireanhacker.com/2013/10/17/index.html]
[hireanhacker.com/category/demo-articles/index.html]
[hireanhacker.com/category/gallery-posts/index.html]
[hireanhacker.com/single-post-custom-three/index.html]
[hireanhacker.com/category/video-posts/index.html]
[hireanhacker.com/gallery-post-with-image-list/index.html]
[hireanhacker.com/vimeo-video-example-post/index.html]
[hireanhacker.com/demo-article-with-a-slider/index.html]
[hireanhacker.com/single-post-custom-three/feed/index.html]
[hireanhacker.com/wp-json/oembed/1.0/embed812d.json]
[hireanhacker.com/post-with-a-featured-image/index.html]
[hireanhacker.com/single-post-custom-four/feed/index.html]
[hireanhacker.com/single-post-custom-four/index.html]
[hireanhacker.com/wp-json/oembed/1.0/embed5232]
[hireanhacker.com/a-wonderful-serenity-has-taken-possession/feed/index.html]
[hireanhacker.com/wp-json/oembed/1.0/embed794a.json]
[hireanhacker.com/gallery-post-with-lightbox/index.html]
[hireanhacker.com/a-wonderful-serenity-has-taken-possession/index.html]
[hireanhacker.com/wp-json/oembed/1.0/embedfb79]
[hireanhacker.com/tag/sailing/index.html]
[hireanhacker.com/category/blog/page/2/index.html]
[hireanhacker.com/tag/news/index.html]
[hireanhacker.com/tag/bitcoin/index.html]
[hireanhacker.com/tag/dark-code/index.html]
[hireanhacker.com/tag/bitcoin/feed/index.html]
[hireanhacker.com/tag/hacker/index.html]
[hireanhacker.com/tag/hacker/feed/index.html]
[hireanhacker.com/tag/payment/feed/index.html]
[hireanhacker.com/tag/dark-code/feed/index.html]
[hireanhacker.com/tag/payment/index.html]
[hireanhacker.com/darkcode/index9a7b.html]
[hireanhacker.com/darkcode/index5a58.html]
[hireanhacker.com/darkcode/index386f.html]
[hireanhacker.com/even-the-all-powerful-pointing/index9a7b.html]
[hireanhacker.com/even-the-all-powerful-pointing/index5a58.html]
[hireanhacker.com/even-the-all-powerful-pointing/index386f.html]
[hireanhacker.com/the-surfing-man-will-blow-your-mind/index9a7b.html]
[hireanhacker.com/the-surfing-man-will-blow-your-mind/index5a58.html]
[hireanhacker.com/the-surfing-man-will-blow-your-mind/index386f.html]
[hireanhacker.com/tag/nature/index.html]
[hireanhacker.com/far-far-away-behind-the-word-mountains/index9a7b.html]
[hireanhacker.com/far-far-away-behind-the-word-mountains/index5a58.html]
[hireanhacker.com/far-far-away-behind-the-word-mountains/index386f.html]
[hireanhacker.com/demo2.mobilespy/assets/fonts/fontawesome-webfont32953295.svg]
[hireanhacker.com/demo2.mobilespy/assets/img/check.svg]
[hireanhacker.com/demo2.mobilespy/assets/img/mobile-s/instagram-small-screen3c4b3c4b.html]
[hireanhacker.com/demo2.mobilespy/assets/img/mobile-s/kik-small-screen3c4b3c4b.html]
[hireanhacker.com/demo2.mobilespy/assets/img/indexc052.html]
[hireanhacker.com/tag/nature/feed/index.html]
[hireanhacker.com/demo2.mobilespy/assets/img/indexb70a.html]
[hireanhacker.com/demo2.mobilespy/assets/img/indexf8a0.html]
[hireanhacker.com/demo2.mobilespy/assets/img/index72c9.html]
[hireanhacker.com/demo2.mobilespy/assets/fonts/fontawesome-webfont32953295.woff2]
[hireanhacker.com/demo2.mobilespy/assets/img/indexbfec.html]
[hireanhacker.com/demo2.mobilespy/assets/img/index30b5.html]
[hireanhacker.com/demo2.mobilespy/assets/img/indexad3f.html]
[hireanhacker.com/demo2.mobilespy/assets/index.html]
[hireanhacker.com/demo2.mobilespy/assets/img/index5851.html]
[hireanhacker.com/demo2.mobilespy/assets/indexf8a0.html]
[hireanhacker.com/demo2.mobilespy/assets/indexc052.html]
[hireanhacker.com/demo2.mobilespy/assets/img/OPT/index.html]
[hireanhacker.com/demo2.mobilespy/assets/index30b5.html]
[hireanhacker.com/demo2.mobilespy/assets/indexbfec.html]
[hireanhacker.com/demo2.mobilespy/index.html]
[hireanhacker.com/demo2.mobilespy/assets/css/index.html]
[hireanhacker.com/demo2.mobilespy/assets/fonts/index.html]
[hireanhacker.com/demo2.mobilespy/assets/js/index.html]
[hireanhacker.com/demo2.mobilespy/assets/fonts/fontawesome-webfont32953295.woff]
[hireanhacker.com/demo2.mobilespy/assets/img/OPT/indexc052.html]
[hireanhacker.com/demo2.mobilespy/assets/img/OPT/indexf8a0.html]
[hireanhacker.com/demo2.mobilespy/assets/img/OPT/indexbfec.html]
[hireanhacker.com/demo2.mobilespy/assets/img/mobile-s/Additional-Device-Info3c4b.png]
[hireanhacker.com/demo2.mobilespy/assets/img/mobile-s/indexc052.html]
[hireanhacker.com/demo2.mobilespy/assets/img/OPT/index30b5.html]
[hireanhacker.com/demo2.mobilespy/assets/img/mobile-s/indexf8a0.html]
[hireanhacker.com/demo2.mobilespy/assets/img/mobile-s/Calendar3c4b.png]
[hireanhacker.com/demo2.mobilespy/assets/img/mobile-s/indexbfec.html]
[hireanhacker.com/demo2.mobilespy/assets/img/mobile-s/Contacts3c4b.png]
[hireanhacker.com/demo2.mobilespy/assets/img/mobile-s/Control-Panel3c4b.png]
[hireanhacker.com/demo2.mobilespy/assets/img/mobile-s/index30b5.html]
[hireanhacker.com/demo2.mobilespy/assets/img/mobile-s/Current-GPS3c4b.png]
[hireanhacker.com/demo2.mobilespy/assets/img/mobile-s/Emails3c4b.png]
[hireanhacker.com/demo2.mobilespy/assets/img/mobile-s/Facebook3c4b.png]
[hireanhacker.com/demo2.mobilespy/assets/img/mobile-s/Incoming-Calls-Restriction-3c4b.png]
[hireanhacker.com/demo2.mobilespy/assets/img/mobile-s/Installed-Apps3c4b.png]
[hireanhacker.com/demo2.mobilespy/assets/img/mobile-s/Keylogger3c4b.png]
[hireanhacker.com/demo2.mobilespy/assets/img/mobile-s/Keyword-tracking3c4b.png]
[hireanhacker.com/demo2.mobilespy/assets/img/mobile-s/Line-tracker3c4b.png]
[hireanhacker.com/demo2.mobilespy/assets/img/mobile-s/Monitor-Calls3c4b.png]
[hireanhacker.com/demo2.mobilespy/assets/img/mobile-s/Photo3c4b.png]
[hireanhacker.com/demo2.mobilespy/assets/img/mobile-s/Reports3c4b.png]
[hireanhacker.com/demo2.mobilespy/assets/img/mobile-s/Sent-received-sms3c4b.png]
[hireanhacker.com/demo2.mobilespy/assets/img/mobile-s/Skype3c4b.png]
[hireanhacker.com/demo2.mobilespy/assets/img/mobile-s/Snapchat3c4b.png]
[hireanhacker.com/demo2.mobilespy/assets/img/mobile-s/Telegram3c4b.png]
[hireanhacker.com/demo2.mobilespy/assets/img/mobile-s/Tinder3c4b.png]
[hireanhacker.com/demo2.mobilespy/assets/img/mobile-s/Viber3c4b.png]
[hireanhacker.com/demo2.mobilespy/assets/img/mobile-s/Videos3c4b.png]
[hireanhacker.com/demo2.mobilespy/assets/img/mobile-s/WhatsApp3c4b.png]
[hireanhacker.com/demo2.mobilespy/assets/img/mobile-s/Wi-Fi-networks3c4b.png]
[hireanhacker.com/demo2.mobilespy/assets/img/mobile-s/billing3c4b.png]
[hireanhacker.com/demo2.mobilespy/assets/img/mobile-s/blocking-websites3c4b.png]
[hireanhacker.com/demo2.mobilespy/assets/img/mobile-s/browser-history3c4b.png]
[hireanhacker.com/demo2.mobilespy/assets/img/mobile-s/geo-fence3c4b.png]
[hireanhacker.com/demo2.mobilespy/assets/img/mobile-s/iMessage3c4b.png]
[hireanhacker.com/demo2.mobilespy/assets/img/mobile-s/instagram-small-screen3c4b.html]
[hireanhacker.com/demo2.mobilespy/assets/img/mobile-s/kik-small-screen3c4b.html]
[hireanhacker.com/demo2.mobilespy/assets/img/mobile-s/index.html]
[hireanhacker.com/wp-json/oembed/1.0/embed2ec5.json]
[hireanhacker.com/wp-json/oembed/1.0/embedbf6b]
[hireanhacker.com/portfolio/project-creative-style-two/index.html]
[hireanhacker.com/wp-content/uploads/2016/05/port-6.jpg]
[hireanhacker.com/wp-content/uploads/2016/05/port-7.jpg]
[hireanhacker.com/wp-content/uploads/2016/06/testimonial-bg.jpg]
[hireanhacker.com/wp-content/uploads/2016/06/social-bg.jpg]
[hireanhacker.com/portfolio/project-half-box-style-two/index.html]
[hireanhacker.com/portfolio_tag/layout/feed/index.html]
[hireanhacker.com/portfolio/project-service-style/index.html]
[hireanhacker.com/wp-content/uploads/2016/05/port-1.jpg]
[i0.wp.com/hireanhacker.com/wp-content/uploads/2016/05/port-1e450.jpg]
[hireanhacker.com/portfolio_tag/layout/index.html]
[hireanhacker.com/portfolio_tag/web-design/index.html]
[hireanhacker.com/tag/photography/index.html]
[hireanhacker.com/portfolio_tag/web-design/feed/index.html]
[hireanhacker.com/tag/photography/feed/index.html]
[hireanhacker.com/tag/work-space/index.html]
[hireanhacker.com/2017/06/22/index.html]
[hireanhacker.com/tag/work-space/feed/index.html]
[hireanhacker.com/standard-gallery-post/feed/index.html]
[hireanhacker.com/wp-json/oembed/1.0/embedec69.json]
[hireanhacker.com/standard-gallery-post/index.html]
[hireanhacker.com/wp-json/oembed/1.0/embedee56]
[hireanhacker.com/category/media/index.html]
[hireanhacker.com/tag/seo/index.html]
[hireanhacker.com/single-image-post/index.html]
[hireanhacker.com/author/admin-2/feed/index.html]
[www.motivoweb.com/najma/demo/wp-content/uploads/2017/06/single.jpg]
[hireanhacker.com/2017/06/23/index.html]
[i2.wp.com/hireanhacker.com/wp-content/uploads/2013/12/img3cd66.jpg]
[hireanhacker.com/author/admin-2/index.html]
[hireanhacker.com/category/video/index.html]
[hireanhacker.com/category/business/feed/index.html]
[hireanhacker.com/video-post/index.html]
[hireanhacker.com/category/business/index.html]
[hireanhacker.com/link-post/index.html]
[hireanhacker.com/tag/design/index.html]
[hireanhacker.com/tag/design/feed/index.html]
[hireanhacker.com/tag/html5/index.html]
[hireanhacker.com/tag/php/feed/index.html]
[hireanhacker.com/tag/html5/feed/index.html]
[hireanhacker.com/audio-post/index.html]
[hireanhacker.com/tag/php/index.html]
[hireanhacker.com/tag/responsive/index.html]
[hireanhacker.com/simple-image-post/index9a7b.html]
[hireanhacker.com/simple-image-post/index5a58.html]
[hireanhacker.com/simple-image-post/index386f.html]
[pinterest.com/pin/create/button/index5b21.html]
[hireanhacker.com/tag/responsive/feed/index.html]
[hireanhacker.com/audio-post-format/feed/index.html]
[hireanhacker.com/wp-json/oembed/1.0/embed61c8.json]
[hireanhacker.com/audio-post-format/index.html]
[hireanhacker.com/wp-json/oembed/1.0/embed1578]
[hireanhacker.com/category/post-format/index.html]
[hireanhacker.com/category/post-format/feed/index.html]
[hireanhacker.com/wp-includes/js/mediaelement/mediaelementplayer-legacy.min45a0.css]
[hireanhacker.com/wp-includes/js/mediaelement/wp-mediaelement.min5010.css]
[hireanhacker.com/tag/bridge/index.html]
[hireanhacker.com/wp-includes/js/mediaelement/mejs-controls.svg]
[hireanhacker.com/tag/city/index.html]
[hireanhacker.com/pityful-a-rethoric-question-ran/index9a7b.html]
[hireanhacker.com/pityful-a-rethoric-question-ran/index5a58.html]
[hireanhacker.com/pityful-a-rethoric-question-ran/index386f.html]
[pinterest.com/pin/create/button/index8ad9.html]
[hireanhacker.com/tag/city/feed/index.html]
[hireanhacker.com/tag/bridge/feed/index.html]
[hireanhacker.com/separated-they-live-in-bookmarksgrove/index9a7b.html]
[hireanhacker.com/separated-they-live-in-bookmarksgrove/index5a58.html]
[hireanhacker.com/separated-they-live-in-bookmarksgrove/index386f.html]
[pinterest.com/pin/create/button/index2578.html]
[hireanhacker.com/quote-post-format/index.html]
[hireanhacker.com/tag/fashion/index.html]
[hireanhacker.com/tag/men/index.html]
[hireanhacker.com/tag/fashion/feed/index.html]
[hireanhacker.com/wp-content/uploads/2016/06/pexels-photo-27610.jpg]
[hireanhacker.com/tag/men/feed/index.html]
[hireanhacker.com/tag/hill/feed/index.html]
[hireanhacker.com/tag/hill/index.html]
[pinterest.com/pin/create/button/index8620.html]
[hireanhacker.com/this-is-an-awesome-sticky-post/feed/index.html]
[hireanhacker.com/wp-json/oembed/1.0/embed34e6.json]
[hireanhacker.com/this-is-an-awesome-sticky-post/index.html]
[hireanhacker.com/wp-json/oembed/1.0/embed78a6]
[hireanhacker.com/wp-json/oembed/1.0/embedacc4.json]
[hireanhacker.com/standard-post-type/feed/index.html]
[hireanhacker.com/standard-post-type/index.html]
[hireanhacker.com/wp-json/oembed/1.0/embed363b]
[hireanhacker.com/wp-json/oembed/1.0/embedcc25.json]
[hireanhacker.com/video-post-format/index.html]
[hireanhacker.com/video-post-format/feed/index.html]
[hireanhacker.com/wp-json/oembed/1.0/embed9396]
[hireanhacker.com/link-post-format/feed/index.html]
[hireanhacker.com/wp-json/oembed/1.0/embed9eb2.json]
[hireanhacker.com/link-post-format/index.html]
[hireanhacker.com/wp-json/oembed/1.0/embed55b3]
[hireanhacker.com/gallery-post-format/feed/index.html]
[hireanhacker.com/wp-json/oembed/1.0/embed0ec4.json]
[hireanhacker.com/gallery-post-format/index.html]
[hireanhacker.com/wp-json/oembed/1.0/embed9a51]
[hireanhacker.com/2016/06/06/page/1/index.html]
[hireanhacker.com/wp-json/oembed/1.0/embede9bf.json]
[hireanhacker.com/aside-post-format/feed/index.html]
[hireanhacker.com/aside-post-format/index.html]
[hireanhacker.com/wp-json/oembed/1.0/embed161c]
[hireanhacker.com/wp-json/oembed/1.0/embed8148.json]
[hireanhacker.com/image-post-format/index.html]
[hireanhacker.com/image-post-format/feed/index.html]
[hireanhacker.com/wp-json/oembed/1.0/embed5c80]
[hireanhacker.com/wp-json/oembed/1.0/embed9e60.json]
[hireanhacker.com/audio-post-2/index.html]
[hireanhacker.com/audio-post-2/feed/index.html]
[hireanhacker.com/wp-json/oembed/1.0/embed1e30]
[hireanhacker.com/hello-world/index9a7b.html]
[hireanhacker.com/quote-post/index.html]
[hireanhacker.com/hello-world/index5a58.html]
[hireanhacker.com/hello-world/index386f.html]
[pinterest.com/pin/create/button/index9c55.html]
[hireanhacker.com/hello-world/index6809.html]
[hireanhacker.com/author/admin/page/1/index.html]
[hireanhacker.com/tag/sound/index.html]
[hireanhacker.com/tag/mp3/index.html]
[hireanhacker.com/wp-json/oembed/1.0/embed8c02.json]
[hireanhacker.com/wonderful-serenity-has-taken/feed/index.html]
[hireanhacker.com/wonderful-serenity-has-taken/index.html]
[hireanhacker.com/wp-json/oembed/1.0/embed5b92]
[hireanhacker.com/tag/business/index.html]
[hireanhacker.com/tag/time/index.html]
[hireanhacker.com/2016/05/18/index.html]
[hireanhacker.com/category/news/index.html]
[hireanhacker.com/category/news/feed/index.html]
[hireanhacker.com/tag/trips/index.html]
[hireanhacker.com/in-my-soul-and-absorb-its-power/feed/index.html]
[hireanhacker.com/wp-json/oembed/1.0/embedbb72.json]
[hireanhacker.com/in-my-soul-and-absorb-its-power/index.html]
[hireanhacker.com/wp-json/oembed/1.0/embed2920]
[hireanhacker.com/tag/gadgets/index.html]
[hireanhacker.com/tag/works/index.html]
[hireanhacker.com/2016/05/17/index.html]
[hireanhacker.com/tag/logo/index.html]
[hireanhacker.com/wp-json/oembed/1.0/embed97b4.json]
[hireanhacker.com/i-hear-the-buzz-of-the-little/index.html]
[hireanhacker.com/i-hear-the-buzz-of-the-little/feed/index.html]
[hireanhacker.com/wp-json/oembed/1.0/embed95a6]
[hireanhacker.com/2016/05/16/index.html]
[hireanhacker.com/tag/conference/index.html]
[hireanhacker.com/and-heaven-and-earth-seem-to-dwell/feed/index.html]
[hireanhacker.com/wp-json/oembed/1.0/embed545c.json]
[hireanhacker.com/and-heaven-and-earth-seem-to-dwell/index.html]
[hireanhacker.com/wp-json/oembed/1.0/embed4caa]
[hireanhacker.com/2016/05/15/index.html]
[hireanhacker.com/tag/photogarphy/index.html]
[hireanhacker.com/wp-json/oembed/1.0/embed072f.json]
[hireanhacker.com/i-am-so-happy-my-dear-friend-2/feed/index.html]
[hireanhacker.com/i-am-so-happy-my-dear-friend-2/index.html]
[hireanhacker.com/wp-json/oembed/1.0/embedbc39]
[hireanhacker.com/2016/05/14/index.html]
[hireanhacker.com/tag/identity/index.html]
[hireanhacker.com/post-with-image-grid/feed/index.html]
[hireanhacker.com/wp-json/oembed/1.0/embed730c.json]
[hireanhacker.com/post-with-image-grid/index.html]
[hireanhacker.com/wp-json/oembed/1.0/embed0d24]
[hireanhacker.com/tag/grid/index.html]
[hireanhacker.com/tag/gallery-2/index.html]
[hireanhacker.com/2013/10/17/index.html]
[hireanhacker.com/tag/lightbox/index.html]
[hireanhacker.com/post-with-image-grid/index1b7b.html]
[hireanhacker.com/post-with-image-grid/indexa129.html]
[hireanhacker.com/category/demo-articles/index.html]
[hireanhacker.com/post-with-image-grid/index5602.html]
[hireanhacker.com/category/gallery-posts/index.html]
[hireanhacker.com/post-with-image-grid/indexfdcf.html]
[hireanhacker.com/category/gallery-posts/feed/index.html]
[hireanhacker.com/category/demo-articles/feed/index.html]
[hireanhacker.com/wp-json/oembed/1.0/embedb7a6.json]
[hireanhacker.com/gallery-post-with-image-list/feed/index.html]
[hireanhacker.com/gallery-post-with-image-list/index.html]
[hireanhacker.com/wp-json/oembed/1.0/embeda76c]
[hireanhacker.com/wp-json/oembed/1.0/embed16ac.json]
[hireanhacker.com/tag/multi-image/index.html]
[hireanhacker.com/demo-article-with-a-slider/index.html]
[hireanhacker.com/demo-article-with-a-slider/feed/index.html]
[hireanhacker.com/wp-json/oembed/1.0/embedb39a]
[hireanhacker.com/gallery-post-with-image-list/index0c48.html]
[hireanhacker.com/tag/demo/index.html]
[hireanhacker.com/wp-json/oembed/1.0/embed5b1f.json]
[hireanhacker.com/tag/slider/index.html]
[hireanhacker.com/wp-json/oembed/1.0/embed3c28]
[hireanhacker.com/vimeo-video-example-post/index.html]
[hireanhacker.com/vimeo-video-example-post/feed/index.html]
[hireanhacker.com/demo-article-with-a-slider/indexa2b6.html]
[hireanhacker.com/tag/media/index.html]
[hireanhacker.com/demo-article-with-a-slider/indexa3c0.html]
[hireanhacker.com/category/video-posts/index.html]
[hireanhacker.com/tag/video-2/index.html]
[hireanhacker.com/category/video-posts/feed/index.html]
[hireanhacker.com/vimeo-video-example-post/index504c.html]
[hireanhacker.com/wp-json/oembed/1.0/embed6134.json]
[hireanhacker.com/post-with-a-featured-image/feed/index.html]
[hireanhacker.com/vimeo-video-example-post/index172f.html]
[hireanhacker.com/post-with-a-featured-image/index.html]
[hireanhacker.com/wp-json/oembed/1.0/embed3207]
[hireanhacker.com/tag/post/index.html]
[hireanhacker.com/wp-json/oembed/1.0/embedbdf2.json]
[hireanhacker.com/tag/image-2/index.html]
[hireanhacker.com/gallery-post-with-lightbox/feed/index.html]
[hireanhacker.com/post-with-a-featured-image/index7653.html]
[hireanhacker.com/gallery-post-with-lightbox/index.html]
[hireanhacker.com/post-with-a-featured-image/index2096.html]
[pinterest.com/pin/create/button/index3483.html]
[hireanhacker.com/wp-json/oembed/1.0/embedc31f]
[hireanhacker.com/tag/news/index.html]
[hireanhacker.com/tag/sailing/index.html]
[hireanhacker.com/a-wonderful-serenity-has-taken-possession/index9a7b.html]
[hireanhacker.com/a-wonderful-serenity-has-taken-possession/index5a58.html]
[hireanhacker.com/a-wonderful-serenity-has-taken-possession/index386f.html]
[hireanhacker.com/category/blog/page/1/index.html]
[hireanhacker.com/demo2.mobilespy/assets/img/indexb70a.html]
[hireanhacker.com/demo2.mobilespy/assets/img/index72c9.html]
[hireanhacker.com/demo2.mobilespy/assets/img/index5851.html]
[hireanhacker.com/demo2.mobilespy/assets/img/indexad3f.html]
[hireanhacker.com/demo2.mobilespy/assets/indexc052.html]
[hireanhacker.com/demo2.mobilespy/assets/indexf8a0.html]
[hireanhacker.com/tag/news/feed/index.html]
[hireanhacker.com/demo2.mobilespy/assets/indexb70a.html]
[hireanhacker.com/demo2.mobilespy/assets/index72c9.html]
[hireanhacker.com/demo2.mobilespy/assets/indexbfec.html]
[hireanhacker.com/demo2.mobilespy/assets/index30b5.html]
[hireanhacker.com/demo2.mobilespy/assets/index5851.html]
[hireanhacker.com/demo2.mobilespy/assets/indexad3f.html]
[hireanhacker.com/tag/sailing/feed/index.html]
[hireanhacker.com/demo2.mobilespy/_tm47DC.html]
[hireanhacker.com/demo2.mobilespy/indexc052.html]
[hireanhacker.com/demo2.mobilespy/index.html]
[hireanhacker.com/demo2.mobilespy/indexf8a0.html]
[hireanhacker.com/demo2.mobilespy/indexbfec.html]
[hireanhacker.com/demo2.mobilespy/index30b5.html]
[hireanhacker.com/demo2.mobilespy/assets/css/index.html]
[hireanhacker.com/demo2.mobilespy/assets/css/common3c4b.css]
[hireanhacker.com/demo2.mobilespy/assets/css/indexc052.html]
[hireanhacker.com/demo2.mobilespy/assets/css/indexf8a0.html]
[hireanhacker.com/demo2.mobilespy/assets/css/indexbfec.html]
[hireanhacker.com/demo2.mobilespy/assets/css/index30b5.html]
[hireanhacker.com/demo2.mobilespy/assets/fonts/indexc052.html]
[hireanhacker.com/demo2.mobilespy/assets/fonts/indexf8a0.html]
[hireanhacker.com/demo2.mobilespy/assets/fonts/fontawesome-webfont3295.svg]
[hireanhacker.com/demo2.mobilespy/assets/fonts/indexbfec.html]
[hireanhacker.com/demo2.mobilespy/assets/fonts/index30b5.html]
[hireanhacker.com/demo2.mobilespy/assets/fonts/fontawesome-webfont3295.eot]
[hireanhacker.com/demo2.mobilespy/assets/fonts/fontawesome-webfont3295.woff2]
[hireanhacker.com/demo2.mobilespy/assets/fonts/index.html]
[hireanhacker.com/demo2.mobilespy/assets/js/common3c4b.js]
[hireanhacker.com/demo2.mobilespy/assets/js/index.html]
[hireanhacker.com/demo2.mobilespy/assets/fonts/fontawesome-webfont3295.ttf]
[hireanhacker.com/demo2.mobilespy/assets/js/indexc052.html]
[hireanhacker.com/demo2.mobilespy/assets/fonts/fontawesome-webfont3295.woff]
[hireanhacker.com/demo2.mobilespy/assets/img/OPT/indexc052.html]
[hireanhacker.com/demo2.mobilespy/assets/js/indexf8a0.html]
[hireanhacker.com/demo2.mobilespy/assets/js/index30b5.html]
[hireanhacker.com/demo2.mobilespy/assets/js/indexbfec.html]
[hireanhacker.com/demo2.mobilespy/assets/img/OPT/indexf8a0.html]
[hireanhacker.com/demo2.mobilespy/assets/img/OPT/indexbfec.html]
[hireanhacker.com/demo2.mobilespy/assets/js/lib/index.html]
[hireanhacker.com/demo2.mobilespy/assets/img/OPT/index30b5.html]
[hireanhacker.com/demo2.mobilespy/assets/fonts/fontawesome-webfontd41d.eot]
[hireanhacker.com/demo2.mobilespy/assets/img/OPT/index72c9.html]
[hireanhacker.com/demo2.mobilespy/assets/img/OPT/indexb70a.html]
[hireanhacker.com/demo2.mobilespy/assets/img/mobile-s/indexc052.html]
[hireanhacker.com/demo2.mobilespy/assets/img/mobile-s/indexf8a0.html]
[hireanhacker.com/demo2.mobilespy/assets/img/OPT/index5851.html]
[hireanhacker.com/demo2.mobilespy/assets/img/OPT/indexad3f.html]
[hireanhacker.com/demo2.mobilespy/assets/img/mobile-s/indexbfec.html]
[hireanhacker.com/demo2.mobilespy/assets/img/mobile-s/index30b5.html]
[hireanhacker.com/demo2.mobilespy/assets/img/mobile-s/indexb70a.html]
[hireanhacker.com/demo2.mobilespy/assets/img/mobile-s/index72c9.html]
[hireanhacker.com/demo2.mobilespy/assets/img/mobile-s/instagram-small-screen3c4b.html]
[hireanhacker.com/demo2.mobilespy/assets/img/mobile-s/kik-small-screen3c4b.html]
[hireanhacker.com/demo2.mobilespy/assets/img/mobile-s/index5851.html]
[hireanhacker.com/demo2.mobilespy/assets/img/mobile-s/indexad3f.html]
[hireanhacker.com/wp-json/oembed/1.0/embed1202.json]
[hireanhacker.com/portfolio/project-service-style-two/index.html]
[hireanhacker.com/portfolio/project-creative-style-two/index.html]
[hireanhacker.com/wp-json/oembed/1.0/embedc511]
[hireanhacker.com/wp-json/oembed/1.0/embed76c2.json]
[hireanhacker.com/portfolio/full-image-style/index.html]
[hireanhacker.com/portfolio/project-service-style/index.html]
[hireanhacker.com/wp-json/oembed/1.0/embedb9fb]
[hireanhacker.com/2017/06/22/index.html]
[hireanhacker.com/portfolio/gallery-with-vertical-info/index.html]
[hireanhacker.com/portfolio/project-creative-style/index.html]
[hireanhacker.com/single-image-post/feed/index.html]
[hireanhacker.com/wp-json/oembed/1.0/embedc1b9.json]
[hireanhacker.com/portfolio/basic-horizontal-info-three/index.html]
[hireanhacker.com/single-image-post/index.html]
[hireanhacker.com/wp-json/oembed/1.0/embed3965]
[hireanhacker.com/category/media/index.html]
[hireanhacker.com/tag/seo/index.html]
[hireanhacker.com/standard-gallery-post/index9a7b.html]
[hireanhacker.com/standard-gallery-post/index5a58.html]
[hireanhacker.com/standard-gallery-post/index386f.html]
[hireanhacker.com/2017/06/23/index.html]
[hireanhacker.com/category/media/feed/index.html]
[hireanhacker.com/tag/seo/feed/index.html]
[hireanhacker.com/wp-json/oembed/1.0/embed439f.json]
[hireanhacker.com/video-post/feed/index.html]
[hireanhacker.com/video-post/index.html]
[hireanhacker.com/wp-json/oembed/1.0/embed3200]
[hireanhacker.com/tag/vimeo/index.html]
[hireanhacker.com/tag/youtube/index.html]
[hireanhacker.com/tag/video/index.html]
[hireanhacker.com/category/video/index.html]
[hireanhacker.com/category/video/feed/index.html]
[hireanhacker.com/wp-json/oembed/1.0/embedc02b.json]
[hireanhacker.com/link-post/feed/index.html]
[hireanhacker.com/link-post/index.html]
[hireanhacker.com/wp-json/oembed/1.0/embed117c]
[hireanhacker.com/audio-post/feed/index.html]
[hireanhacker.com/wp-json/oembed/1.0/embeda732.json]
[hireanhacker.com/audio-post/index.html]
[hireanhacker.com/wp-json/oembed/1.0/embed9df0]
[pinterest.com/pin/create/button/index3ce3.html]
[hireanhacker.com/tag/soundcloud/index.html]
[hireanhacker.com/wp-json/oembed/1.0/embed21f9.json]
[hireanhacker.com/quote-post-format/feed/index.html]
[hireanhacker.com/quote-post-format/index.html]
[hireanhacker.com/wp-json/oembed/1.0/embedee5b]
[hireanhacker.com/audio-post-format/index9a7b.html]
[hireanhacker.com/audio-post-format/index5a58.html]
[hireanhacker.com/audio-post-format/index386f.html]
[hireanhacker.com/wp-includes/js/mediaelement/mejs-controls.svg]
[pinterest.com/pin/create/button/index73f7.html]
[pinterest.com/pin/create/button/indexd376.html]
[pinterest.com/pin/create/button/index05d3.html]
[hireanhacker.com/this-is-an-awesome-sticky-post/index9a7b.html]
[hireanhacker.com/this-is-an-awesome-sticky-post/index5a58.html]
[hireanhacker.com/this-is-an-awesome-sticky-post/index386f.html]
[hireanhacker.com/standard-post-type/index9a7b.html]
[hireanhacker.com/standard-post-type/index5a58.html]
[hireanhacker.com/standard-post-type/index386f.html]
[pinterest.com/pin/create/button/index3ec7.html]
[hireanhacker.com/video-post-format/index9a7b.html]
[hireanhacker.com/video-post-format/index5a58.html]
[hireanhacker.com/video-post-format/index386f.html]
[pinterest.com/pin/create/button/indexb04e.html]
[hireanhacker.com/link-post-format/index9a7b.html]
[hireanhacker.com/link-post-format/index5a58.html]
[hireanhacker.com/link-post-format/index386f.html]
[hireanhacker.com/gallery-post-format/index9a7b.html]
[hireanhacker.com/gallery-post-format/index5a58.html]
[hireanhacker.com/gallery-post-format/index386f.html]
[pinterest.com/pin/create/button/index24d7.html]
[hireanhacker.com/aside-post-format/index9a7b.html]
[hireanhacker.com/aside-post-format/index5a58.html]
[hireanhacker.com/aside-post-format/index386f.html]
[hireanhacker.com/image-post-format/index9a7b.html]
[hireanhacker.com/image-post-format/index5a58.html]
[hireanhacker.com/image-post-format/index386f.html]
[pinterest.com/pin/create/button/index2b2e.html]
[hireanhacker.com/wp-json/oembed/1.0/embed271f.json]
[hireanhacker.com/quote-post/feed/index.html]
[hireanhacker.com/quote-post/index.html]
[hireanhacker.com/tag/mp3/index.html]
[hireanhacker.com/wp-json/oembed/1.0/embedaf4a]
[hireanhacker.com/tag/sound/index.html]
[hireanhacker.com/audio-post-2/index9a7b.html]
[hireanhacker.com/audio-post-2/index5a58.html]
[hireanhacker.com/audio-post-2/index386f.html]
[pinterest.com/pin/create/button/index94d8.html]
[hireanhacker.com/tag/mp3/feed/index.html]
[hireanhacker.com/tag/sound/feed/index.html]
[pinterest.com/pin/create/button/index63cd.html]
[hireanhacker.com/tag/business/index.html]
[hireanhacker.com/tag/business/feed/index.html]
[hireanhacker.com/tag/time/index.html]
[hireanhacker.com/tag/time/feed/index.html]
[hireanhacker.com/tag/trips/index.html]
[hireanhacker.com/wonderful-serenity-has-taken/index9a7b.html]
[hireanhacker.com/wonderful-serenity-has-taken/index5a58.html]
[hireanhacker.com/wonderful-serenity-has-taken/index386f.html]
[hireanhacker.com/tag/gadgets/index.html]
[hireanhacker.com/tag/logo/index.html]
[hireanhacker.com/tag/trips/feed/index.html]
[hireanhacker.com/tag/gadgets/feed/index.html]
[hireanhacker.com/tag/logo/feed/index.html]
[hireanhacker.com/tag/works/feed/index.html]
[hireanhacker.com/tag/works/index.html]
[hireanhacker.com/in-my-soul-and-absorb-its-power/index9a7b.html]
[hireanhacker.com/in-my-soul-and-absorb-its-power/index5a58.html]
[hireanhacker.com/in-my-soul-and-absorb-its-power/index386f.html]
[hireanhacker.com/tag/conference/index.html]
[hireanhacker.com/i-hear-the-buzz-of-the-little/index9a7b.html]
[hireanhacker.com/i-hear-the-buzz-of-the-little/index5a58.html]
[hireanhacker.com/i-hear-the-buzz-of-the-little/index386f.html]
[hireanhacker.com/tag/conference/feed/index.html]
[hireanhacker.com/tag/photogarphy/feed/index.html]
[hireanhacker.com/tag/photogarphy/index.html]
[hireanhacker.com/and-heaven-and-earth-seem-to-dwell/index9a7b.html]
[hireanhacker.com/and-heaven-and-earth-seem-to-dwell/index5a58.html]
[hireanhacker.com/and-heaven-and-earth-seem-to-dwell/index386f.html]
[hireanhacker.com/tag/identity/index.html]
[hireanhacker.com/i-am-so-happy-my-dear-friend-2/index9a7b.html]
[hireanhacker.com/i-am-so-happy-my-dear-friend-2/index5a58.html]
[hireanhacker.com/i-am-so-happy-my-dear-friend-2/index386f.html]
[hireanhacker.com/tag/gallery-2/index.html]
[hireanhacker.com/tag/grid/index.html]
[hireanhacker.com/tag/identity/feed/index.html]
[hireanhacker.com/tag/gallery-2/feed/index.html]
[hireanhacker.com/tag/lightbox/feed/index.html]
[hireanhacker.com/tag/grid/feed/index.html]
[hireanhacker.com/tag/lightbox/index.html]
[hireanhacker.com/post-with-image-grid/index9a7b.html]
[hireanhacker.com/post-with-image-grid/index5a58.html]
[hireanhacker.com/post-with-image-grid/index386f.html]
[pinterest.com/pin/create/button/indexfbf8.html]
[hireanhacker.com/post-with-image-grid/index1b7b.html]
[hireanhacker.com/post-with-image-grid/index5602.html]
[hireanhacker.com/post-with-image-grid/indexa129.html]
[hireanhacker.com/post-with-image-grid/indexfdcf.html]
[hireanhacker.com/tag/multi-image/index.html]
[hireanhacker.com/gallery-post-with-image-list/index9a7b.html]
[hireanhacker.com/gallery-post-with-image-list/index5a58.html]
[hireanhacker.com/gallery-post-with-image-list/index386f.html]
[pinterest.com/pin/create/button/index7a9a.html]
[hireanhacker.com/tag/multi-image/feed/index.html]
[hireanhacker.com/gallery-post-with-image-list/index0c48.html]
[hireanhacker.com/tag/demo/index.html]
[hireanhacker.com/tag/slider/index.html]
[hireanhacker.com/demo-article-with-a-slider/index9a7b.html]
[hireanhacker.com/demo-article-with-a-slider/index5a58.html]
[hireanhacker.com/demo-article-with-a-slider/index386f.html]
[pinterest.com/pin/create/button/index0bfe.html]
[hireanhacker.com/tag/demo/feed/index.html]
[hireanhacker.com/demo-article-with-a-slider/indexa3c0.html]
[hireanhacker.com/demo-article-with-a-slider/indexa2b6.html]
[hireanhacker.com/tag/slider/feed/index.html]
[hireanhacker.com/tag/media/index.html]
[hireanhacker.com/tag/video-2/index.html]
[hireanhacker.com/vimeo-video-example-post/index9a7b.html]
[hireanhacker.com/vimeo-video-example-post/index5a58.html]
[hireanhacker.com/vimeo-video-example-post/index386f.html]
[pinterest.com/pin/create/button/index4f9c.html]
[hireanhacker.com/vimeo-video-example-post/index504c.html]
[hireanhacker.com/vimeo-video-example-post/index172f.html]
[hireanhacker.com/tag/media/feed/index.html]
[hireanhacker.com/tag/video-2/feed/index.html]
[hireanhacker.com/tag/image-2/index.html]
[hireanhacker.com/tag/image-2/feed/index.html]
[hireanhacker.com/tag/post/feed/index.html]
[hireanhacker.com/tag/post/index.html]
[hireanhacker.com/post-with-a-featured-image/index9a7b.html]
[hireanhacker.com/post-with-a-featured-image/index5a58.html]
[hireanhacker.com/post-with-a-featured-image/index386f.html]
[pinterest.com/pin/create/button/index1da7.html]
[hireanhacker.com/post-with-a-featured-image/index7653.html]
[hireanhacker.com/post-with-a-featured-image/index2096.html]
[hireanhacker.com/gallery-post-with-lightbox/index9a7b.html]
[hireanhacker.com/gallery-post-with-lightbox/index5a58.html]
[hireanhacker.com/gallery-post-with-lightbox/index386f.html]
[pinterest.com/pin/create/button/indexfeff.html]
[pinterest.com/pin/create/button/indexa744.html]
[hireanhacker.com/demo2.mobilespy/assets/indexb70a.html]
[hireanhacker.com/demo2.mobilespy/assets/index72c9.html]
[hireanhacker.com/demo2.mobilespy/assets/index5851.html]
[hireanhacker.com/demo2.mobilespy/assets/indexad3f.html]
[hireanhacker.com/demo2.mobilespy/indexc052.html]
[hireanhacker.com/demo2.mobilespy/indexf8a0.html]
[hireanhacker.com/demo2.mobilespy/indexbfec.html]
[hireanhacker.com/demo2.mobilespy/indexb70a.html]
[hireanhacker.com/demo2.mobilespy/index30b5.html]
[hireanhacker.com/demo2.mobilespy/index72c9.html]
[hireanhacker.com/demo2.mobilespy/index5851.html]
[hireanhacker.com/demo2.mobilespy/indexad3f.html]
[hireanhacker.com/demo2.mobilespy/_tm47DC.html]
[hireanhacker.com/demo2.mobilespy/assets/css/indexc052.html]
[hireanhacker.com/demo2.mobilespy/assets/css/indexf8a0.html]
[hireanhacker.com/demo2.mobilespy/assets/css/indexbfec.html]
[hireanhacker.com/demo2.mobilespy/assets/css/index30b5.html]
[hireanhacker.com/demo2.mobilespy/assets/css/index5851.html]
[hireanhacker.com/demo2.mobilespy/assets/css/indexb70a.html]
[hireanhacker.com/demo2.mobilespy/assets/css/common3c4b.css]
[hireanhacker.com/demo2.mobilespy/assets/fonts/indexc052.html]
[hireanhacker.com/demo2.mobilespy/assets/fonts/indexf8a0.html]
[hireanhacker.com/demo2.mobilespy/assets/css/index72c9.html]
[hireanhacker.com/demo2.mobilespy/assets/css/indexad3f.html]
[hireanhacker.com/demo2.mobilespy/assets/fonts/indexbfec.html]
[hireanhacker.com/demo2.mobilespy/assets/fonts/index30b5.html]
[hireanhacker.com/demo2.mobilespy/assets/fonts/indexb70a.html]
[hireanhacker.com/demo2.mobilespy/assets/fonts/index72c9.html]
[hireanhacker.com/demo2.mobilespy/assets/fonts/fontawesome-webfont3295.svg]
[hireanhacker.com/demo2.mobilespy/assets/js/indexc052.html]
[hireanhacker.com/demo2.mobilespy/assets/js/indexf8a0.html]
[hireanhacker.com/demo2.mobilespy/assets/fonts/index5851.html]
[hireanhacker.com/demo2.mobilespy/assets/fonts/indexad3f.html]
[hireanhacker.com/demo2.mobilespy/assets/js/indexbfec.html]
[hireanhacker.com/demo2.mobilespy/assets/js/index30b5.html]
[hireanhacker.com/demo2.mobilespy/assets/js/indexb70a.html]
[hireanhacker.com/demo2.mobilespy/assets/js/index72c9.html]
[hireanhacker.com/demo2.mobilespy/assets/js/index5851.html]
[hireanhacker.com/demo2.mobilespy/assets/js/indexad3f.html]
[hireanhacker.com/demo2.mobilespy/assets/js/lib/bowser3c4b.js]
[hireanhacker.com/demo2.mobilespy/assets/js/lib/indexc052.html]
[hireanhacker.com/demo2.mobilespy/assets/js/lib/indexbfec.html]
[hireanhacker.com/demo2.mobilespy/assets/js/lib/index30b5.html]
[hireanhacker.com/demo2.mobilespy/assets/js/lib/indexf8a0.html]
[hireanhacker.com/demo2.mobilespy/assets/js/lib/jquery-2.1.4.min3c4b.js]
[hireanhacker.com/demo2.mobilespy/assets/js/lib/index.html]
[hireanhacker.com/demo2.mobilespy/assets/img/OPT/indexb70a.html]
[hireanhacker.com/demo2.mobilespy/assets/img/OPT/index72c9.html]
[hireanhacker.com/demo2.mobilespy/assets/img/OPT/index5851.html]
[hireanhacker.com/demo2.mobilespy/assets/img/OPT/indexad3f.html]
[hireanhacker.com/demo2.mobilespy/assets/img/mobile-s/indexb70a.html]
[hireanhacker.com/demo2.mobilespy/assets/img/mobile-s/index72c9.html]
[hireanhacker.com/demo2.mobilespy/assets/img/mobile-s/index5851.html]
[hireanhacker.com/demo2.mobilespy/assets/img/mobile-s/indexad3f.html]
[hireanhacker.com/wp-json/oembed/1.0/embed5a05.json]
[hireanhacker.com/portfolio/gallery-with-horizontal-info/index.html]
[hireanhacker.com/wp-json/oembed/1.0/embedadbe]
[hireanhacker.com/wp-content/uploads/2016/05/about-bg.jpg]
[i1.wp.com/hireanhacker.com/wp-content/uploads/2016/05/port-20d8c.jpg]
[hireanhacker.com/portfolio/project-service-style-two/index.html]
[hireanhacker.com/wp-json/oembed/1.0/embedc37d.json]
[hireanhacker.com/portfolio/basic-horizontal-info-two/index.html]
[hireanhacker.com/wp-json/oembed/1.0/embed11de]
[hireanhacker.com/portfolio/video-with-horizontal-info/index.html]
[hireanhacker.com/portfolio/video-with-vertical-info/index.html]
[hireanhacker.com/wp-content/uploads/2016/05/port-item-4.jpg]
[hireanhacker.com/wp-content/uploads/2016/05/Greeting-Card-PSD-MockUp.jpg]
[hireanhacker.com/wp-content/uploads/2016/05/port-item-10-2.jpg]
[hireanhacker.com/wp-content/uploads/2016/05/port-item-10-2-700x500.jpg]
[hireanhacker.com/wp-content/uploads/2016/05/port-item-6.jpg]
[hireanhacker.com/wp-content/uploads/2016/05/port-item-6-700x500.jpg]
[hireanhacker.com/wp-content/uploads/2016/05/port-item-9.jpg]
[hireanhacker.com/wp-content/uploads/2016/05/port-item-9-700x500.jpg]
[hireanhacker.com/portfolio/gallery-with-vertical-info/index.html]
[hireanhacker.com/wp-json/oembed/1.0/embedd62c.json]
[hireanhacker.com/portfolio/multiple-gallery-with-horizontal-info/index.html]
[hireanhacker.com/wp-json/oembed/1.0/embedb24a]
[hireanhacker.com/portfolio/basic-horizontal-info/index.html]
[hireanhacker.com/wp-content/uploads/2016/05/Realistic-Business-Card-Mock-Up-full.jpg]
[hireanhacker.com/portfolio/full-image-style/index.html]
[hireanhacker.com/portfolio_tag/business-card/index.html]
[hireanhacker.com/portfolio/vertical-info/index.html]
[hireanhacker.com/wp-json/oembed/1.0/embed8362.json]
[hireanhacker.com/portfolio/video-with-vertical-info-2/index.html]
[hireanhacker.com/wp-json/oembed/1.0/embedd454]
[hireanhacker.com/wp-content/uploads/2016/05/port-item-3.jpg]
[hireanhacker.com/portfolio/project-creative-style/index.html]
[hireanhacker.com/wp-json/oembed/1.0/embeda42e.json]
[hireanhacker.com/portfolio/project-half-box-style/index.html]
[hireanhacker.com/portfolio/basic-vertical-info-two/index.html]
[hireanhacker.com/portfolio/basic-horizontal-info-three/index.html]
[hireanhacker.com/wp-json/oembed/1.0/embedbf60]
[hireanhacker.com/single-image-post/index9a7b.html]
[hireanhacker.com/single-image-post/index5a58.html]
[hireanhacker.com/single-image-post/index386f.html]
[pinterest.com/pin/create/button/index2b1a.html]
[hireanhacker.com/portfolio_tag/apps/index.html]
[hireanhacker.com/portfolio_tag/design/index.html]
[hireanhacker.com/tag/video/index.html]
[hireanhacker.com/tag/vimeo/index.html]
[hireanhacker.com/tag/video/feed/index.html]
[hireanhacker.com/tag/vimeo/feed/index.html]
[hireanhacker.com/tag/youtube/feed/index.html]
[hireanhacker.com/tag/youtube/index.html]
[hireanhacker.com/video-post/index9a7b.html]
[hireanhacker.com/video-post/index5a58.html]
[hireanhacker.com/video-post/index386f.html]
[pinterest.com/pin/create/button/indexfc64.html]
[hireanhacker.com/link-post/index9a7b.html]
[hireanhacker.com/link-post/index5a58.html]
[hireanhacker.com/link-post/index386f.html]
[pinterest.com/pin/create/button/indexeb16.html]
[hireanhacker.com/tag/soundcloud/index.html]
[hireanhacker.com/audio-post/index9a7b.html]
[hireanhacker.com/audio-post/index5a58.html]
[hireanhacker.com/audio-post/index386f.html]
[pinterest.com/pin/create/button/indexb8a0.html]
[hireanhacker.com/quote-post-format/index9a7b.html]
[hireanhacker.com/quote-post-format/index5a58.html]
[hireanhacker.com/tag/soundcloud/feed/index.html]
[hireanhacker.com/quote-post-format/index386f.html]
[pinterest.com/pin/create/button/index1378.html]
[pinterest.com/pin/create/button/index1eee.html]
[pinterest.com/pin/create/button/indexd16c.html]
[pinterest.com/pin/create/button/index4a78.html]
[pinterest.com/pin/create/button/indexdea2.html]
[pinterest.com/pin/create/button/index942a.html]
[pinterest.com/pin/create/button/index9a72.html]
[pinterest.com/pin/create/button/indexd86e.html]
[pinterest.com/pin/create/button/index16e1.html]
[pinterest.com/pin/create/button/indexa955.html]
[pinterest.com/pin/create/button/indexf389.html]
[pinterest.com/pin/create/button/indexca50.html]
[hireanhacker.com/demo2.mobilespy/indexb70a.html]
[hireanhacker.com/demo2.mobilespy/index72c9.html]
[hireanhacker.com/demo2.mobilespy/index5851.html]
[hireanhacker.com/demo2.mobilespy/indexad3f.html]
[hireanhacker.com/demo2.mobilespy/assets/css/indexb70a.html]
[hireanhacker.com/demo2.mobilespy/assets/css/index72c9.html]
[hireanhacker.com/demo2.mobilespy/assets/css/index5851.html]
[hireanhacker.com/demo2.mobilespy/assets/css/indexad3f.html]
[hireanhacker.com/demo2.mobilespy/assets/fonts/indexb70a.html]
[hireanhacker.com/demo2.mobilespy/assets/fonts/index72c9.html]
[hireanhacker.com/demo2.mobilespy/assets/fonts/index5851.html]
[hireanhacker.com/demo2.mobilespy/assets/fonts/indexad3f.html]
[hireanhacker.com/demo2.mobilespy/assets/js/indexb70a.html]
[hireanhacker.com/demo2.mobilespy/assets/js/index72c9.html]
[hireanhacker.com/demo2.mobilespy/assets/js/index5851.html]
[hireanhacker.com/demo2.mobilespy/assets/js/indexad3f.html]
[hireanhacker.com/demo2.mobilespy/assets/js/lib/indexc052.html]
[hireanhacker.com/demo2.mobilespy/assets/js/lib/indexf8a0.html]
[hireanhacker.com/demo2.mobilespy/assets/js/lib/indexb70a.html]
[hireanhacker.com/demo2.mobilespy/assets/js/lib/indexbfec.html]
[hireanhacker.com/demo2.mobilespy/assets/js/lib/index72c9.html]
[hireanhacker.com/demo2.mobilespy/assets/js/lib/index30b5.html]
[hireanhacker.com/demo2.mobilespy/assets/js/lib/index5851.html]
[hireanhacker.com/demo2.mobilespy/assets/js/lib/indexad3f.html]
[hireanhacker.com/wp-json/oembed/1.0/embed52a7.json]
[hireanhacker.com/wp-json/oembed/1.0/embeddd40]
[i1.wp.com/hireanhacker.com/wp-content/uploads/2016/05/port-28776.jpg]
[i2.wp.com/hireanhacker.com/wp-content/uploads/2016/05/port-58776.jpg]
[i0.wp.com/hireanhacker.com/wp-content/uploads/2016/05/port-68776.jpg]
[i1.wp.com/hireanhacker.com/wp-content/uploads/2016/05/port-38776.jpg]
[hireanhacker.com/portfolio/gallery-with-horizontal-info/index.html]
[pinterest.com/pin/create/button/index68b8.html]
[hireanhacker.com/portfolio_tag/social/index.html]
[hireanhacker.com/portfolio_tag/advertise/index.html]
[hireanhacker.com/portfolio/gallery-with-horizontal-info-2/index.html]
[hireanhacker.com/wp-json/oembed/1.0/embedd5ba.json]
[hireanhacker.com/portfolio/basic-horizontal-info-two/index.html]
[hireanhacker.com/wp-json/oembed/1.0/embedda74]
[hireanhacker.com/wp-json/oembed/1.0/embed75bb.json]
[hireanhacker.com/portfolio_tag/logo/index.html]
[hireanhacker.com/portfolio/video-with-horizontal-info/index.html]
[hireanhacker.com/wp-json/oembed/1.0/embeda545]
[hireanhacker.com/portfolio_tag/typography/index.html]
[hireanhacker.com/portfolio_tag/girl/index.html]
[hireanhacker.com/wp-json/oembed/1.0/embed107f.json]
[hireanhacker.com/portfolio_tag/photography/index.html]
[hireanhacker.com/portfolio/video-with-vertical-info/index.html]
[pinterest.com/pin/create/button/indexff44.html]
[hireanhacker.com/wp-json/oembed/1.0/embed44e4]
[hireanhacker.com/wp-json/oembed/1.0/embed56f3.json]
[hireanhacker.com/wp-json/oembed/1.0/embedad6e]
[hireanhacker.com/wp-content/uploads/2016/05/port-item-6-1280x580.jpg]
[hireanhacker.com/portfolio_tag/typekit/index.html]
[hireanhacker.com/wp-content/uploads/2016/05/port-item-3-1280x580.jpg]
[hireanhacker.com/portfolio_tag/stationary/index.html]
[hireanhacker.com/wp-content/uploads/2016/05/Realistic-Business-Card-Mock-Up-full-1550x700.jpg]
[hireanhacker.com/wp-content/uploads/2017/07/logo.png]
[i1.wp.com/hireanhacker.com/wp-content/uploads/2016/05/Realistic-Business-Card-Mock-Up-full39a4.jpg]
[i1.wp.com/hireanhacker.com/wp-content/uploads/2017/07/logo0dda.png]
[hireanhacker.com/portfolio/multiple-gallery-with-horizontal-info/index.html]
[hireanhacker.com/wp-json/oembed/1.0/embed5fae.json]
[hireanhacker.com/portfolio/basic-horizontal-info/index.html]
[hireanhacker.com/wp-json/oembed/1.0/embed4d70]
[hireanhacker.com/portfolio_tag/box/index.html]
[hireanhacker.com/portfolio_tag/business-card/feed/index.html]
[hireanhacker.com/portfolio_tag/packaging/index.html]
[i0.wp.com/hireanhacker.com/wp-content/uploads/2016/05/port-6d726.jpg]
[i0.wp.com/hireanhacker.com/wp-content/uploads/2016/05/port-75379.jpg]
[hireanhacker.com/portfolio_tag/business-card/index.html]
[hireanhacker.com/portfolio_tag/branding/index.html]
[hireanhacker.com/wp-json/oembed/1.0/embed257b.json]
[hireanhacker.com/wp-json/oembed/1.0/embed3122]
[i1.wp.com/hireanhacker.com/wp-content/uploads/2016/05/Greeting-Card-PSD-MockUp.jpg]
[hireanhacker.com/wp-content/uploads/2016/05/port-item-10.jpg]
[i0.wp.com/hireanhacker.com/wp-content/uploads/2016/05/port-item-1035d1.jpg]
[hireanhacker.com/portfolio/vertical-info/index.html]
[hireanhacker.com/wp-json/oembed/1.0/embed3aab.json]
[hireanhacker.com/wp-json/oembed/1.0/embed7289]
[hireanhacker.com/portfolio/video-with-vertical-info-2/index.html]
[hireanhacker.com/wp-json/oembed/1.0/embed21dc.json]
[hireanhacker.com/wp-json/oembed/1.0/embed26b4]
[hireanhacker.com/wp-content/uploads/2017/06/bg-section2.png]
[hireanhacker.com/wp-content/uploads/2016/05/business-card-mockup.jpg]
[i2.wp.com/hireanhacker.com/wp-content/uploads/2016/05/port-item-8ba8e.jpg]
[hireanhacker.com/portfolio/project-half-box-style/index.html]
[hireanhacker.com/wp-json/oembed/1.0/embed0fbc.json]
[hireanhacker.com/portfolio/basic-vertical-info-two/index.html]
[hireanhacker.com/wp-json/oembed/1.0/embedc169]
[i1.wp.com/hireanhacker.com/wp-content/uploads/2016/05/port-3114e.jpg]
[hireanhacker.com/portfolio_tag/apps/feed/index.html]
[hireanhacker.com/wp-content/uploads/2016/05/samsung-mockup-s7.jpg]
[hireanhacker.com/portfolio_tag/technology/index.html]
[hireanhacker.com/portfolio_tag/adver/index.html]
[i2.wp.com/hireanhacker.com/wp-content/uploads/2016/05/samsung-mockup-s7.jpg]
[hireanhacker.com/portfolio_tag/apps/index.html]
[hireanhacker.com/wp-content/uploads/2016/05/port-4.jpg]
[hireanhacker.com/portfolio_tag/design/feed/index.html]
[i2.wp.com/hireanhacker.com/wp-content/uploads/2016/05/port-43b46.jpg]
[hireanhacker.com/portfolio_tag/design/index.html]
[pinterest.com/pin/create/button/index9518.html]
[pinterest.com/pin/create/button/indexf9a0.html]
[pinterest.com/pin/create/button/index0b28.html]
[pinterest.com/pin/create/button/indexc242.html]
[pinterest.com/pin/create/button/indexc137.html]
[pinterest.com/pin/create/button/indexb97b.html]
[hireanhacker.com/demo2.mobilespy/assets/js/lib/indexb70a.html]
[hireanhacker.com/demo2.mobilespy/assets/js/lib/index72c9.html]
[hireanhacker.com/demo2.mobilespy/assets/js/lib/index5851.html]
[hireanhacker.com/demo2.mobilespy/assets/js/lib/indexad3f.html]
[hireanhacker.com/portfolio_tag/advertise/feed/index.html]
[i0.wp.com/hireanhacker.com/wp-content/uploads/2016/05/port-859d1.jpg]
[i0.wp.com/hireanhacker.com/wp-content/uploads/2016/05/port-item-983a3.jpg]
[hireanhacker.com/wp-content/uploads/2016/05/Branding-Identity-MockUp-Vol7.jpg]
[i1.wp.com/hireanhacker.com/wp-content/uploads/2016/05/Branding-Identity-MockUp-Vol7.jpg]
[hireanhacker.com/portfolio_tag/gadgets/index.html]
[hireanhacker.com/portfolio_tag/advertise/index.html]
[hireanhacker.com/portfolio_tag/social/index.html]
[pinterest.com/pin/create/button/indexf2ef.html]
[hireanhacker.com/portfolio_tag/social/feed/index.html]
[hireanhacker.com/wp-json/oembed/1.0/embed6905.json]
[hireanhacker.com/wp-json/oembed/1.0/embed275a]
[i0.wp.com/hireanhacker.com/wp-content/uploads/2016/05/port-88776.jpg]
[i0.wp.com/hireanhacker.com/wp-content/uploads/2016/05/port-78776.jpg]
[i2.wp.com/hireanhacker.com/wp-content/uploads/2016/05/port-48776.jpg]
[hireanhacker.com/portfolio/gallery-with-horizontal-info-2/index.html]
[pinterest.com/pin/create/button/indexfa4c.html]
[hireanhacker.com/portfolio_tag/logo/index.html]
[hireanhacker.com/portfolio_tag/logo/feed/index.html]
[hireanhacker.com/portfolio_tag/typography/feed/index.html]
[hireanhacker.com/portfolio_tag/typography/index.html]
[hireanhacker.com/portfolio_tag/girl/index.html]
[hireanhacker.com/portfolio_tag/girl/feed/index.html]
[hireanhacker.com/portfolio_tag/photography/index.html]
[pinterest.com/pin/create/button/index615b.html]
[hireanhacker.com/portfolio_tag/photography/feed/index.html]
[pinterest.com/pin/create/button/indexac8e.html]
[i2.wp.com/hireanhacker.com/wp-content/uploads/2016/05/port-513bb.jpg]
[hireanhacker.com/portfolio_tag/stationary/feed/index.html]
[i1.wp.com/hireanhacker.com/wp-content/uploads/2016/05/port-item-4.jpg]
[hireanhacker.com/portfolio_tag/paper/index.html]
[hireanhacker.com/portfolio_tag/stationary/index.html]
[hireanhacker.com/portfolio_tag/identity/index.html]
[hireanhacker.com/portfolio_tag/typekit/index.html]
[hireanhacker.com/portfolio_tag/typekit/feed/index.html]
[hireanhacker.com/portfolio_tag/box/index.html]
[hireanhacker.com/portfolio_tag/box/feed/index.html]
[hireanhacker.com/portfolio_tag/packaging/feed/index.html]
[hireanhacker.com/portfolio_tag/packaging/index.html]
[hireanhacker.com/portfolio_tag/branding/index.html]
[pinterest.com/pin/create/button/indexb665.html]
[hireanhacker.com/portfolio_tag/branding/feed/index.html]
[hireanhacker.com/portfolio_tag/adver/index.html]
[hireanhacker.com/portfolio_tag/technology/index.html]
[pinterest.com/pin/create/button/indexc240.html]
[hireanhacker.com/portfolio_tag/adver/feed/index.html]
[hireanhacker.com/portfolio_tag/technology/feed/index.html]
[hireanhacker.com/portfolio_tag/gadgets/feed/index.html]
[hireanhacker.com/portfolio_tag/gadgets/index.html]
[pinterest.com/pin/create/button/index3a08.html]
[pinterest.com/pin/create/button/indexd189.html]
[pinterest.com/pin/create/button/index15e4.html]
[hireanhacker.com/portfolio_tag/identity/index.html]
[hireanhacker.com/portfolio_tag/paper/index.html]
[pinterest.com/pin/create/button/indexe0e4.html]
[pinterest.com/pin/create/button/indexfb53.html]
[hireanhacker.com/portfolio_tag/paper/feed/index.html]
[hireanhacker.com/portfolio_tag/identity/feed/index.html]
